// Jest Snapshot v1, https://goo.gl/fbAQLP

exports[`should match snapshot 1`] = `
<RCTSafeAreaView
  style={
    {
      "backgroundColor": "#303030",
      "height": "100%",
    }
  }
>
  <RCTScrollView
    refreshControl={
      <RefreshControlMock
        colors={
          [
            "#31adff",
          ]
        }
        onRefresh={[Function]}
        refreshing={false}
        tintColor="#31adff"
      />
    }
    testID="mt-scroll-view"
  >
    <RCTRefreshControl />
    <View>
      <View
        style={
          {
            "alignSelf": "center",
            "width": "80%",
          }
        }
      >
        <View
          style={
            {
              "width": "100%",
            }
          }
        >
          <View
            style={
              {
                "display": "flex",
                "flex": 1,
                "flexDirection": "row",
              }
            }
          >
            <Text
              style={
                {
                  "color": "#ffd600",
                  "flex": 1,
                  "fontSize": 61.64383561643835,
                  "fontWeight": "bold",
                  "marginBottom": 10,
                }
              }
            >
              Playing With
            </Text>
            <View
              collapsable={false}
              style={
                {
                  "alignSelf": undefined,
                  "bottom": undefined,
                  "end": undefined,
                  "left": undefined,
                  "position": undefined,
                  "right": undefined,
                  "shadowColor": "#000",
                  "shadowOffset": {
                    "height": 0,
                    "width": 0,
                  },
                  "shadowOpacity": 0,
                  "shadowRadius": 0,
                  "start": undefined,
                  "top": undefined,
                }
              }
            >
              <View
                collapsable={false}
                style={
                  {
                    "shadowColor": "#000",
                    "shadowOffset": {
                      "height": 0,
                      "width": 0,
                    },
                    "shadowOpacity": 0,
                    "shadowRadius": 0,
                  }
                }
              >
                <View
                  collapsable={false}
                  style={
                    {
                      "backgroundColor": "#ffd600",
                      "borderColor": "rgba(121, 116, 126, 1)",
                      "borderRadius": 5,
                      "borderWidth": 0,
                      "display": "flex",
                      "elevation": 0,
                      "flexWrap": "nowrap",
                      "height": 40,
                      "margin": 6,
                      "overflow": "hidden",
                      "width": 40,
                    }
                  }
                >
                  <View
                    accessibilityComponentType="button"
                    accessibilityRole="button"
                    accessibilityState={
                      {
                        "disabled": false,
                      }
                    }
                    accessibilityTraits="button"
                    accessible={true}
                    centered={true}
                    collapsable={false}
                    focusable={true}
                    hitSlop={
                      {
                        "bottom": 6,
                        "left": 6,
                        "right": 6,
                        "top": 6,
                      }
                    }
                    onBlur={[Function]}
                    onClick={[Function]}
                    onFocus={[Function]}
                    onResponderGrant={[Function]}
                    onResponderMove={[Function]}
                    onResponderRelease={[Function]}
                    onResponderTerminate={[Function]}
                    onResponderTerminationRequest={[Function]}
                    onStartShouldSetResponder={[Function]}
                    style={
                      [
                        {
                          "overflow": "hidden",
                        },
                        false,
                        [
                          {
                            "alignItems": "center",
                            "flexGrow": 1,
                            "justifyContent": "center",
                          },
                          {
                            "borderRadius": 5,
                          },
                        ],
                      ]
                    }
                    testID="create-button"
                  >
                    <Text
                      accessibilityElementsHidden={true}
                      allowFontScaling={false}
                      importantForAccessibility="no-hide-descendants"
                      pointerEvents="none"
                      selectable={false}
                      style={
                        [
                          {
                            "color": "#303030",
                            "fontSize": 24,
                          },
                          [
                            {
                              "lineHeight": 24,
                              "transform": [
                                {
                                  "scaleX": 1,
                                },
                              ],
                            },
                            {
                              "backgroundColor": "transparent",
                            },
                          ],
                          {
                            "fontFamily": "Material Design Icons",
                            "fontStyle": "normal",
                            "fontWeight": "normal",
                          },
                          {},
                        ]
                      }
                    >
                      󰐕
                    </Text>
                  </View>
                </View>
              </View>
            </View>
          </View>
          <View
            style={
              {
                "display": "flex",
                "flexDirection": "row",
                "marginBottom": 5,
              }
            }
          >
            <View
              style={
                {
                  "alignSelf": "center",
                  "flex": 1,
                }
              }
            >
              <View
                accessible={true}
                collapsable={false}
                focusable={true}
                onClick={[Function]}
                onResponderGrant={[Function]}
                onResponderMove={[Function]}
                onResponderRelease={[Function]}
                onResponderTerminate={[Function]}
                onResponderTerminationRequest={[Function]}
                onStartShouldSetResponder={[Function]}
                style={
                  {
                    "opacity": 1,
                  }
                }
              >
                <Text
                  style={
                    {
                      "color": "#ababab",
                      "fontSize": 41.0958904109589,
                      "fontWeight": "bold",
                    }
                  }
                >
                  Place1 Name1
                </Text>
                <Text
                  style={
                    {
                      "color": "#ffd600",
                      "fontSize": 30.821917808219176,
                      "fontWeight": "bold",
                    }
                  }
                >
                  @
                  place1name1
                </Text>
                <Text
                  style={
                    {
                      "color": "#ffd600",
                      "fontSize": 20.54794520547945,
                      "fontWeight": "bold",
                    }
                  }
                >
                  2019
                </Text>
              </View>
            </View>
            <View
              collapsable={false}
              style={
                {
                  "alignSelf": undefined,
                  "bottom": undefined,
                  "end": undefined,
                  "left": undefined,
                  "position": undefined,
                  "right": undefined,
                  "shadowColor": "#000",
                  "shadowOffset": {
                    "height": 0,
                    "width": 0,
                  },
                  "shadowOpacity": 0,
                  "shadowRadius": 0,
                  "start": undefined,
                  "top": undefined,
                }
              }
            >
              <View
                collapsable={false}
                style={
                  {
                    "shadowColor": "#000",
                    "shadowOffset": {
                      "height": 0,
                      "width": 0,
                    },
                    "shadowOpacity": 0,
                    "shadowRadius": 0,
                  }
                }
              >
                <View
                  collapsable={false}
                  style={
                    {
                      "alignItems": "center",
                      "backgroundColor": undefined,
                      "borderColor": "rgba(121, 116, 126, 1)",
                      "borderRadius": 20,
                      "borderWidth": 0,
                      "elevation": 0,
                      "height": 40,
                      "justifyContent": "center",
                      "margin": 6,
                      "overflow": "hidden",
                      "width": 40,
                    }
                  }
                >
                  <View
                    accessibilityComponentType="button"
                    accessibilityRole="button"
                    accessibilityState={
                      {
                        "disabled": false,
                      }
                    }
                    accessibilityTraits="button"
                    accessible={true}
                    centered={true}
                    collapsable={false}
                    focusable={true}
                    hitSlop={
                      {
                        "bottom": 6,
                        "left": 6,
                        "right": 6,
                        "top": 6,
                      }
                    }
                    onBlur={[Function]}
                    onClick={[Function]}
                    onFocus={[Function]}
                    onResponderGrant={[Function]}
                    onResponderMove={[Function]}
                    onResponderRelease={[Function]}
                    onResponderTerminate={[Function]}
                    onResponderTerminationRequest={[Function]}
                    onStartShouldSetResponder={[Function]}
                    style={
                      [
                        {
                          "overflow": "hidden",
                        },
                        false,
                        [
                          {
                            "alignItems": "center",
                            "flexGrow": 1,
                            "justifyContent": "center",
                          },
                          {
                            "borderRadius": 20,
                          },
                        ],
                      ]
                    }
                    testID="delete-button"
                  >
                    <Text
                      accessibilityElementsHidden={true}
                      allowFontScaling={false}
                      importantForAccessibility="no-hide-descendants"
                      pointerEvents="none"
                      selectable={false}
                      style={
                        [
                          {
                            "color": "#ff0000",
                            "fontSize": 24,
                          },
                          [
                            {
                              "lineHeight": 24,
                              "transform": [
                                {
                                  "scaleX": 1,
                                },
                              ],
                            },
                            {
                              "backgroundColor": "transparent",
                            },
                          ],
                          {
                            "fontFamily": "Material Design Icons",
                            "fontStyle": "normal",
                            "fontWeight": "normal",
                          },
                          {},
                        ]
                      }
                    >
                      󰅖
                    </Text>
                  </View>
                </View>
              </View>
            </View>
            <View
              collapsable={false}
              style={
                {
                  "alignSelf": undefined,
                  "bottom": undefined,
                  "end": undefined,
                  "left": undefined,
                  "position": undefined,
                  "right": undefined,
                  "shadowColor": "#000",
                  "shadowOffset": {
                    "height": 0,
                    "width": 0,
                  },
                  "shadowOpacity": 0,
                  "shadowRadius": 0,
                  "start": undefined,
                  "top": undefined,
                }
              }
            >
              <View
                collapsable={false}
                style={
                  {
                    "shadowColor": "#000",
                    "shadowOffset": {
                      "height": 0,
                      "width": 0,
                    },
                    "shadowOpacity": 0,
                    "shadowRadius": 0,
                  }
                }
              >
                <View
                  collapsable={false}
                  style={
                    {
                      "alignItems": "center",
                      "backgroundColor": undefined,
                      "borderColor": "rgba(121, 116, 126, 1)",
                      "borderRadius": 20,
                      "borderWidth": 0,
                      "elevation": 0,
                      "height": 40,
                      "justifyContent": "center",
                      "margin": 6,
                      "overflow": "hidden",
                      "width": 40,
                    }
                  }
                >
                  <View
                    accessibilityComponentType="button"
                    accessibilityRole="button"
                    accessibilityState={
                      {
                        "disabled": false,
                      }
                    }
                    accessibilityTraits="button"
                    accessible={true}
                    centered={true}
                    collapsable={false}
                    focusable={true}
                    hitSlop={
                      {
                        "bottom": 6,
                        "left": 6,
                        "right": 6,
                        "top": 6,
                      }
                    }
                    onBlur={[Function]}
                    onClick={[Function]}
                    onFocus={[Function]}
                    onResponderGrant={[Function]}
                    onResponderMove={[Function]}
                    onResponderRelease={[Function]}
                    onResponderTerminate={[Function]}
                    onResponderTerminationRequest={[Function]}
                    onStartShouldSetResponder={[Function]}
                    style={
                      [
                        {
                          "overflow": "hidden",
                        },
                        false,
                        [
                          {
                            "alignItems": "center",
                            "flexGrow": 1,
                            "justifyContent": "center",
                          },
                          {
                            "borderRadius": 20,
                          },
                        ],
                      ]
                    }
                    testID="go-button"
                  >
                    <Text
                      accessibilityElementsHidden={true}
                      allowFontScaling={false}
                      importantForAccessibility="no-hide-descendants"
                      pointerEvents="none"
                      selectable={false}
                      style={
                        [
                          {
                            "color": "#ffd600",
                            "fontSize": 24,
                          },
                          [
                            {
                              "lineHeight": 24,
                              "transform": [
                                {
                                  "scaleX": 1,
                                },
                              ],
                            },
                            {
                              "backgroundColor": "transparent",
                            },
                          ],
                          {
                            "fontFamily": "Material Design Icons",
                            "fontStyle": "normal",
                            "fontWeight": "normal",
                          },
                          {},
                        ]
                      }
                    >
                      󰅂
                    </Text>
                  </View>
                </View>
              </View>
            </View>
          </View>
          <View
            style={
              {
                "display": "flex",
                "flexDirection": "row",
                "marginBottom": 5,
              }
            }
          >
            <View
              style={
                {
                  "alignSelf": "center",
                  "flex": 1,
                }
              }
            >
              <View
                accessible={true}
                collapsable={false}
                focusable={true}
                onClick={[Function]}
                onResponderGrant={[Function]}
                onResponderMove={[Function]}
                onResponderRelease={[Function]}
                onResponderTerminate={[Function]}
                onResponderTerminationRequest={[Function]}
                onStartShouldSetResponder={[Function]}
                style={
                  {
                    "opacity": 1,
                  }
                }
              >
                <Text
                  style={
                    {
                      "color": "#ababab",
                      "fontSize": 41.0958904109589,
                      "fontWeight": "bold",
                    }
                  }
                >
                  Place2 Name2
                </Text>
                <Text
                  style={
                    {
                      "color": "#ffd600",
                      "fontSize": 30.821917808219176,
                      "fontWeight": "bold",
                    }
                  }
                >
                  @
                  place2name2
                </Text>
                <Text
                  style={
                    {
                      "color": "#ffd600",
                      "fontSize": 20.54794520547945,
                      "fontWeight": "bold",
                    }
                  }
                >
                  2020
                </Text>
              </View>
            </View>
            <View
              collapsable={false}
              style={
                {
                  "alignSelf": undefined,
                  "bottom": undefined,
                  "end": undefined,
                  "left": undefined,
                  "position": undefined,
                  "right": undefined,
                  "shadowColor": "#000",
                  "shadowOffset": {
                    "height": 0,
                    "width": 0,
                  },
                  "shadowOpacity": 0,
                  "shadowRadius": 0,
                  "start": undefined,
                  "top": undefined,
                }
              }
            >
              <View
                collapsable={false}
                style={
                  {
                    "shadowColor": "#000",
                    "shadowOffset": {
                      "height": 0,
                      "width": 0,
                    },
                    "shadowOpacity": 0,
                    "shadowRadius": 0,
                  }
                }
              >
                <View
                  collapsable={false}
                  style={
                    {
                      "alignItems": "center",
                      "backgroundColor": undefined,
                      "borderColor": "rgba(121, 116, 126, 1)",
                      "borderRadius": 20,
                      "borderWidth": 0,
                      "elevation": 0,
                      "height": 40,
                      "justifyContent": "center",
                      "margin": 6,
                      "overflow": "hidden",
                      "width": 40,
                    }
                  }
                >
                  <View
                    accessibilityComponentType="button"
                    accessibilityRole="button"
                    accessibilityState={
                      {
                        "disabled": false,
                      }
                    }
                    accessibilityTraits="button"
                    accessible={true}
                    centered={true}
                    collapsable={false}
                    focusable={true}
                    hitSlop={
                      {
                        "bottom": 6,
                        "left": 6,
                        "right": 6,
                        "top": 6,
                      }
                    }
                    onBlur={[Function]}
                    onClick={[Function]}
                    onFocus={[Function]}
                    onResponderGrant={[Function]}
                    onResponderMove={[Function]}
                    onResponderRelease={[Function]}
                    onResponderTerminate={[Function]}
                    onResponderTerminationRequest={[Function]}
                    onStartShouldSetResponder={[Function]}
                    style={
                      [
                        {
                          "overflow": "hidden",
                        },
                        false,
                        [
                          {
                            "alignItems": "center",
                            "flexGrow": 1,
                            "justifyContent": "center",
                          },
                          {
                            "borderRadius": 20,
                          },
                        ],
                      ]
                    }
                    testID="delete-button"
                  >
                    <Text
                      accessibilityElementsHidden={true}
                      allowFontScaling={false}
                      importantForAccessibility="no-hide-descendants"
                      pointerEvents="none"
                      selectable={false}
                      style={
                        [
                          {
                            "color": "#ff0000",
                            "fontSize": 24,
                          },
                          [
                            {
                              "lineHeight": 24,
                              "transform": [
                                {
                                  "scaleX": 1,
                                },
                              ],
                            },
                            {
                              "backgroundColor": "transparent",
                            },
                          ],
                          {
                            "fontFamily": "Material Design Icons",
                            "fontStyle": "normal",
                            "fontWeight": "normal",
                          },
                          {},
                        ]
                      }
                    >
                      󰅖
                    </Text>
                  </View>
                </View>
              </View>
            </View>
            <View
              collapsable={false}
              style={
                {
                  "alignSelf": undefined,
                  "bottom": undefined,
                  "end": undefined,
                  "left": undefined,
                  "position": undefined,
                  "right": undefined,
                  "shadowColor": "#000",
                  "shadowOffset": {
                    "height": 0,
                    "width": 0,
                  },
                  "shadowOpacity": 0,
                  "shadowRadius": 0,
                  "start": undefined,
                  "top": undefined,
                }
              }
            >
              <View
                collapsable={false}
                style={
                  {
                    "shadowColor": "#000",
                    "shadowOffset": {
                      "height": 0,
                      "width": 0,
                    },
                    "shadowOpacity": 0,
                    "shadowRadius": 0,
                  }
                }
              >
                <View
                  collapsable={false}
                  style={
                    {
                      "alignItems": "center",
                      "backgroundColor": undefined,
                      "borderColor": "rgba(121, 116, 126, 1)",
                      "borderRadius": 20,
                      "borderWidth": 0,
                      "elevation": 0,
                      "height": 40,
                      "justifyContent": "center",
                      "margin": 6,
                      "overflow": "hidden",
                      "width": 40,
                    }
                  }
                >
                  <View
                    accessibilityComponentType="button"
                    accessibilityRole="button"
                    accessibilityState={
                      {
                        "disabled": false,
                      }
                    }
                    accessibilityTraits="button"
                    accessible={true}
                    centered={true}
                    collapsable={false}
                    focusable={true}
                    hitSlop={
                      {
                        "bottom": 6,
                        "left": 6,
                        "right": 6,
                        "top": 6,
                      }
                    }
                    onBlur={[Function]}
                    onClick={[Function]}
                    onFocus={[Function]}
                    onResponderGrant={[Function]}
                    onResponderMove={[Function]}
                    onResponderRelease={[Function]}
                    onResponderTerminate={[Function]}
                    onResponderTerminationRequest={[Function]}
                    onStartShouldSetResponder={[Function]}
                    style={
                      [
                        {
                          "overflow": "hidden",
                        },
                        false,
                        [
                          {
                            "alignItems": "center",
                            "flexGrow": 1,
                            "justifyContent": "center",
                          },
                          {
                            "borderRadius": 20,
                          },
                        ],
                      ]
                    }
                    testID="go-button"
                  >
                    <Text
                      accessibilityElementsHidden={true}
                      allowFontScaling={false}
                      importantForAccessibility="no-hide-descendants"
                      pointerEvents="none"
                      selectable={false}
                      style={
                        [
                          {
                            "color": "#ffd600",
                            "fontSize": 24,
                          },
                          [
                            {
                              "lineHeight": 24,
                              "transform": [
                                {
                                  "scaleX": 1,
                                },
                              ],
                            },
                            {
                              "backgroundColor": "transparent",
                            },
                          ],
                          {
                            "fontFamily": "Material Design Icons",
                            "fontStyle": "normal",
                            "fontWeight": "normal",
                          },
                          {},
                        ]
                      }
                    >
                      󰅂
                    </Text>
                  </View>
                </View>
              </View>
            </View>
          </View>
          <View
            style={
              {
                "display": "flex",
                "flexDirection": "row",
                "marginBottom": 5,
              }
            }
          >
            <View
              style={
                {
                  "alignSelf": "center",
                  "flex": 1,
                }
              }
            >
              <View
                accessible={true}
                collapsable={false}
                focusable={true}
                onClick={[Function]}
                onResponderGrant={[Function]}
                onResponderMove={[Function]}
                onResponderRelease={[Function]}
                onResponderTerminate={[Function]}
                onResponderTerminationRequest={[Function]}
                onStartShouldSetResponder={[Function]}
                style={
                  {
                    "opacity": 1,
                  }
                }
              >
                <Text
                  style={
                    {
                      "color": "#ababab",
                      "fontSize": 41.0958904109589,
                      "fontWeight": "bold",
                    }
                  }
                >
                  Place3 Name3
                </Text>
                <Text
                  style={
                    {
                      "color": "#ffd600",
                      "fontSize": 30.821917808219176,
                      "fontWeight": "bold",
                    }
                  }
                >
                  @
                  place3name3
                </Text>
                <Text
                  style={
                    {
                      "color": "#ffd600",
                      "fontSize": 20.54794520547945,
                      "fontWeight": "bold",
                    }
                  }
                >
                  2021
                </Text>
              </View>
            </View>
            <View
              collapsable={false}
              style={
                {
                  "alignSelf": undefined,
                  "bottom": undefined,
                  "end": undefined,
                  "left": undefined,
                  "position": undefined,
                  "right": undefined,
                  "shadowColor": "#000",
                  "shadowOffset": {
                    "height": 0,
                    "width": 0,
                  },
                  "shadowOpacity": 0,
                  "shadowRadius": 0,
                  "start": undefined,
                  "top": undefined,
                }
              }
            >
              <View
                collapsable={false}
                style={
                  {
                    "shadowColor": "#000",
                    "shadowOffset": {
                      "height": 0,
                      "width": 0,
                    },
                    "shadowOpacity": 0,
                    "shadowRadius": 0,
                  }
                }
              >
                <View
                  collapsable={false}
                  style={
                    {
                      "alignItems": "center",
                      "backgroundColor": undefined,
                      "borderColor": "rgba(121, 116, 126, 1)",
                      "borderRadius": 20,
                      "borderWidth": 0,
                      "elevation": 0,
                      "height": 40,
                      "justifyContent": "center",
                      "margin": 6,
                      "overflow": "hidden",
                      "width": 40,
                    }
                  }
                >
                  <View
                    accessibilityComponentType="button"
                    accessibilityRole="button"
                    accessibilityState={
                      {
                        "disabled": false,
                      }
                    }
                    accessibilityTraits="button"
                    accessible={true}
                    centered={true}
                    collapsable={false}
                    focusable={true}
                    hitSlop={
                      {
                        "bottom": 6,
                        "left": 6,
                        "right": 6,
                        "top": 6,
                      }
                    }
                    onBlur={[Function]}
                    onClick={[Function]}
                    onFocus={[Function]}
                    onResponderGrant={[Function]}
                    onResponderMove={[Function]}
                    onResponderRelease={[Function]}
                    onResponderTerminate={[Function]}
                    onResponderTerminationRequest={[Function]}
                    onStartShouldSetResponder={[Function]}
                    style={
                      [
                        {
                          "overflow": "hidden",
                        },
                        false,
                        [
                          {
                            "alignItems": "center",
                            "flexGrow": 1,
                            "justifyContent": "center",
                          },
                          {
                            "borderRadius": 20,
                          },
                        ],
                      ]
                    }
                    testID="delete-button"
                  >
                    <Text
                      accessibilityElementsHidden={true}
                      allowFontScaling={false}
                      importantForAccessibility="no-hide-descendants"
                      pointerEvents="none"
                      selectable={false}
                      style={
                        [
                          {
                            "color": "#ff0000",
                            "fontSize": 24,
                          },
                          [
                            {
                              "lineHeight": 24,
                              "transform": [
                                {
                                  "scaleX": 1,
                                },
                              ],
                            },
                            {
                              "backgroundColor": "transparent",
                            },
                          ],
                          {
                            "fontFamily": "Material Design Icons",
                            "fontStyle": "normal",
                            "fontWeight": "normal",
                          },
                          {},
                        ]
                      }
                    >
                      󰅖
                    </Text>
                  </View>
                </View>
              </View>
            </View>
            <View
              collapsable={false}
              style={
                {
                  "alignSelf": undefined,
                  "bottom": undefined,
                  "end": undefined,
                  "left": undefined,
                  "position": undefined,
                  "right": undefined,
                  "shadowColor": "#000",
                  "shadowOffset": {
                    "height": 0,
                    "width": 0,
                  },
                  "shadowOpacity": 0,
                  "shadowRadius": 0,
                  "start": undefined,
                  "top": undefined,
                }
              }
            >
              <View
                collapsable={false}
                style={
                  {
                    "shadowColor": "#000",
                    "shadowOffset": {
                      "height": 0,
                      "width": 0,
                    },
                    "shadowOpacity": 0,
                    "shadowRadius": 0,
                  }
                }
              >
                <View
                  collapsable={false}
                  style={
                    {
                      "alignItems": "center",
                      "backgroundColor": undefined,
                      "borderColor": "rgba(121, 116, 126, 1)",
                      "borderRadius": 20,
                      "borderWidth": 0,
                      "elevation": 0,
                      "height": 40,
                      "justifyContent": "center",
                      "margin": 6,
                      "overflow": "hidden",
                      "width": 40,
                    }
                  }
                >
                  <View
                    accessibilityComponentType="button"
                    accessibilityRole="button"
                    accessibilityState={
                      {
                        "disabled": false,
                      }
                    }
                    accessibilityTraits="button"
                    accessible={true}
                    centered={true}
                    collapsable={false}
                    focusable={true}
                    hitSlop={
                      {
                        "bottom": 6,
                        "left": 6,
                        "right": 6,
                        "top": 6,
                      }
                    }
                    onBlur={[Function]}
                    onClick={[Function]}
                    onFocus={[Function]}
                    onResponderGrant={[Function]}
                    onResponderMove={[Function]}
                    onResponderRelease={[Function]}
                    onResponderTerminate={[Function]}
                    onResponderTerminationRequest={[Function]}
                    onStartShouldSetResponder={[Function]}
                    style={
                      [
                        {
                          "overflow": "hidden",
                        },
                        false,
                        [
                          {
                            "alignItems": "center",
                            "flexGrow": 1,
                            "justifyContent": "center",
                          },
                          {
                            "borderRadius": 20,
                          },
                        ],
                      ]
                    }
                    testID="go-button"
                  >
                    <Text
                      accessibilityElementsHidden={true}
                      allowFontScaling={false}
                      importantForAccessibility="no-hide-descendants"
                      pointerEvents="none"
                      selectable={false}
                      style={
                        [
                          {
                            "color": "#ffd600",
                            "fontSize": 24,
                          },
                          [
                            {
                              "lineHeight": 24,
                              "transform": [
                                {
                                  "scaleX": 1,
                                },
                              ],
                            },
                            {
                              "backgroundColor": "transparent",
                            },
                          ],
                          {
                            "fontFamily": "Material Design Icons",
                            "fontStyle": "normal",
                            "fontWeight": "normal",
                          },
                          {},
                        ]
                      }
                    >
                      󰅂
                    </Text>
                  </View>
                </View>
              </View>
            </View>
          </View>
        </View>
        <View
          style={
            {
              "width": "100%",
            }
          }
        >
          <View
            style={
              {
                "display": "flex",
                "flex": 1,
                "flexDirection": "row",
              }
            }
          >
            <Text
              style={
                {
                  "color": "#ffd600",
                  "flex": 1,
                  "fontSize": 61.64383561643835,
                  "fontWeight": "bold",
                  "marginBottom": 10,
                }
              }
            >
              Managing
            </Text>
            <View
              collapsable={false}
              style={
                {
                  "alignSelf": undefined,
                  "bottom": undefined,
                  "end": undefined,
                  "left": undefined,
                  "position": undefined,
                  "right": undefined,
                  "shadowColor": "#000",
                  "shadowOffset": {
                    "height": 0,
                    "width": 0,
                  },
                  "shadowOpacity": 0,
                  "shadowRadius": 0,
                  "start": undefined,
                  "top": undefined,
                }
              }
            >
              <View
                collapsable={false}
                style={
                  {
                    "shadowColor": "#000",
                    "shadowOffset": {
                      "height": 0,
                      "width": 0,
                    },
                    "shadowOpacity": 0,
                    "shadowRadius": 0,
                  }
                }
              >
                <View
                  collapsable={false}
                  style={
                    {
                      "backgroundColor": "#ffd600",
                      "borderColor": "rgba(121, 116, 126, 1)",
                      "borderRadius": 5,
                      "borderWidth": 0,
                      "display": "flex",
                      "elevation": 0,
                      "flexWrap": "nowrap",
                      "height": 40,
                      "margin": 6,
                      "overflow": "hidden",
                      "width": 40,
                    }
                  }
                >
                  <View
                    accessibilityComponentType="button"
                    accessibilityRole="button"
                    accessibilityState={
                      {
                        "disabled": false,
                      }
                    }
                    accessibilityTraits="button"
                    accessible={true}
                    centered={true}
                    collapsable={false}
                    focusable={true}
                    hitSlop={
                      {
                        "bottom": 6,
                        "left": 6,
                        "right": 6,
                        "top": 6,
                      }
                    }
                    onBlur={[Function]}
                    onClick={[Function]}
                    onFocus={[Function]}
                    onResponderGrant={[Function]}
                    onResponderMove={[Function]}
                    onResponderRelease={[Function]}
                    onResponderTerminate={[Function]}
                    onResponderTerminationRequest={[Function]}
                    onStartShouldSetResponder={[Function]}
                    style={
                      [
                        {
                          "overflow": "hidden",
                        },
                        false,
                        [
                          {
                            "alignItems": "center",
                            "flexGrow": 1,
                            "justifyContent": "center",
                          },
                          {
                            "borderRadius": 5,
                          },
                        ],
                      ]
                    }
                    testID="create-button"
                  >
                    <Text
                      accessibilityElementsHidden={true}
                      allowFontScaling={false}
                      importantForAccessibility="no-hide-descendants"
                      pointerEvents="none"
                      selectable={false}
                      style={
                        [
                          {
                            "color": "#303030",
                            "fontSize": 24,
                          },
                          [
                            {
                              "lineHeight": 24,
                              "transform": [
                                {
                                  "scaleX": 1,
                                },
                              ],
                            },
                            {
                              "backgroundColor": "transparent",
                            },
                          ],
                          {
                            "fontFamily": "Material Design Icons",
                            "fontStyle": "normal",
                            "fontWeight": "normal",
                          },
                          {},
                        ]
                      }
                    >
                      󰐕
                    </Text>
                  </View>
                </View>
              </View>
            </View>
          </View>
          <View
            style={
              {
                "display": "flex",
                "flexDirection": "row",
                "marginBottom": 5,
              }
            }
          >
            <View
              style={
                {
                  "alignSelf": "center",
                  "flex": 1,
                }
              }
            >
              <View
                accessible={true}
                collapsable={false}
                focusable={true}
                onClick={[Function]}
                onResponderGrant={[Function]}
                onResponderMove={[Function]}
                onResponderRelease={[Function]}
                onResponderTerminate={[Function]}
                onResponderTerminationRequest={[Function]}
                onStartShouldSetResponder={[Function]}
                style={
                  {
                    "opacity": 1,
                  }
                }
              >
                <Text
                  style={
                    {
                      "color": "#ababab",
                      "fontSize": 41.0958904109589,
                      "fontWeight": "bold",
                    }
                  }
                >
                  Place4 Name4
                </Text>
                <Text
                  style={
                    {
                      "color": "#ffd600",
                      "fontSize": 30.821917808219176,
                      "fontWeight": "bold",
                    }
                  }
                >
                  @
                  place4name4
                </Text>
                <Text
                  style={
                    {
                      "color": "#ffd600",
                      "fontSize": 20.54794520547945,
                      "fontWeight": "bold",
                    }
                  }
                >
                  2022
                </Text>
              </View>
            </View>
            <View
              collapsable={false}
              style={
                {
                  "alignSelf": undefined,
                  "bottom": undefined,
                  "end": undefined,
                  "left": undefined,
                  "position": undefined,
                  "right": undefined,
                  "shadowColor": "#000",
                  "shadowOffset": {
                    "height": 0,
                    "width": 0,
                  },
                  "shadowOpacity": 0,
                  "shadowRadius": 0,
                  "start": undefined,
                  "top": undefined,
                }
              }
            >
              <View
                collapsable={false}
                style={
                  {
                    "shadowColor": "#000",
                    "shadowOffset": {
                      "height": 0,
                      "width": 0,
                    },
                    "shadowOpacity": 0,
                    "shadowRadius": 0,
                  }
                }
              >
                <View
                  collapsable={false}
                  style={
                    {
                      "alignItems": "center",
                      "backgroundColor": undefined,
                      "borderColor": "rgba(121, 116, 126, 1)",
                      "borderRadius": 20,
                      "borderWidth": 0,
                      "elevation": 0,
                      "height": 40,
                      "justifyContent": "center",
                      "margin": 6,
                      "overflow": "hidden",
                      "width": 40,
                    }
                  }
                >
                  <View
                    accessibilityComponentType="button"
                    accessibilityRole="button"
                    accessibilityState={
                      {
                        "disabled": false,
                      }
                    }
                    accessibilityTraits="button"
                    accessible={true}
                    centered={true}
                    collapsable={false}
                    focusable={true}
                    hitSlop={
                      {
                        "bottom": 6,
                        "left": 6,
                        "right": 6,
                        "top": 6,
                      }
                    }
                    onBlur={[Function]}
                    onClick={[Function]}
                    onFocus={[Function]}
                    onResponderGrant={[Function]}
                    onResponderMove={[Function]}
                    onResponderRelease={[Function]}
                    onResponderTerminate={[Function]}
                    onResponderTerminationRequest={[Function]}
                    onStartShouldSetResponder={[Function]}
                    style={
                      [
                        {
                          "overflow": "hidden",
                        },
                        false,
                        [
                          {
                            "alignItems": "center",
                            "flexGrow": 1,
                            "justifyContent": "center",
                          },
                          {
                            "borderRadius": 20,
                          },
                        ],
                      ]
                    }
                    testID="delete-button"
                  >
                    <Text
                      accessibilityElementsHidden={true}
                      allowFontScaling={false}
                      importantForAccessibility="no-hide-descendants"
                      pointerEvents="none"
                      selectable={false}
                      style={
                        [
                          {
                            "color": "#ff0000",
                            "fontSize": 24,
                          },
                          [
                            {
                              "lineHeight": 24,
                              "transform": [
                                {
                                  "scaleX": 1,
                                },
                              ],
                            },
                            {
                              "backgroundColor": "transparent",
                            },
                          ],
                          {
                            "fontFamily": "Material Design Icons",
                            "fontStyle": "normal",
                            "fontWeight": "normal",
                          },
                          {},
                        ]
                      }
                    >
                      󰅖
                    </Text>
                  </View>
                </View>
              </View>
            </View>
            <View
              collapsable={false}
              style={
                {
                  "alignSelf": undefined,
                  "bottom": undefined,
                  "end": undefined,
                  "left": undefined,
                  "position": undefined,
                  "right": undefined,
                  "shadowColor": "#000",
                  "shadowOffset": {
                    "height": 0,
                    "width": 0,
                  },
                  "shadowOpacity": 0,
                  "shadowRadius": 0,
                  "start": undefined,
                  "top": undefined,
                }
              }
            >
              <View
                collapsable={false}
                style={
                  {
                    "shadowColor": "#000",
                    "shadowOffset": {
                      "height": 0,
                      "width": 0,
                    },
                    "shadowOpacity": 0,
                    "shadowRadius": 0,
                  }
                }
              >
                <View
                  collapsable={false}
                  style={
                    {
                      "alignItems": "center",
                      "backgroundColor": undefined,
                      "borderColor": "rgba(121, 116, 126, 1)",
                      "borderRadius": 20,
                      "borderWidth": 0,
                      "elevation": 0,
                      "height": 40,
                      "justifyContent": "center",
                      "margin": 6,
                      "overflow": "hidden",
                      "width": 40,
                    }
                  }
                >
                  <View
                    accessibilityComponentType="button"
                    accessibilityRole="button"
                    accessibilityState={
                      {
                        "disabled": false,
                      }
                    }
                    accessibilityTraits="button"
                    accessible={true}
                    centered={true}
                    collapsable={false}
                    focusable={true}
                    hitSlop={
                      {
                        "bottom": 6,
                        "left": 6,
                        "right": 6,
                        "top": 6,
                      }
                    }
                    onBlur={[Function]}
                    onClick={[Function]}
                    onFocus={[Function]}
                    onResponderGrant={[Function]}
                    onResponderMove={[Function]}
                    onResponderRelease={[Function]}
                    onResponderTerminate={[Function]}
                    onResponderTerminationRequest={[Function]}
                    onStartShouldSetResponder={[Function]}
                    style={
                      [
                        {
                          "overflow": "hidden",
                        },
                        false,
                        [
                          {
                            "alignItems": "center",
                            "flexGrow": 1,
                            "justifyContent": "center",
                          },
                          {
                            "borderRadius": 20,
                          },
                        ],
                      ]
                    }
                    testID="go-button"
                  >
                    <Text
                      accessibilityElementsHidden={true}
                      allowFontScaling={false}
                      importantForAccessibility="no-hide-descendants"
                      pointerEvents="none"
                      selectable={false}
                      style={
                        [
                          {
                            "color": "#ffd600",
                            "fontSize": 24,
                          },
                          [
                            {
                              "lineHeight": 24,
                              "transform": [
                                {
                                  "scaleX": 1,
                                },
                              ],
                            },
                            {
                              "backgroundColor": "transparent",
                            },
                          ],
                          {
                            "fontFamily": "Material Design Icons",
                            "fontStyle": "normal",
                            "fontWeight": "normal",
                          },
                          {},
                        ]
                      }
                    >
                      󰅂
                    </Text>
                  </View>
                </View>
              </View>
            </View>
          </View>
        </View>
        <View
          style={
            {
              "width": "100%",
            }
          }
        >
          <View
            style={
              {
                "display": "flex",
                "flex": 1,
                "flexDirection": "row",
              }
            }
          >
            <Text
              style={
                {
                  "color": "#ffd600",
                  "flex": 1,
                  "fontSize": 61.64383561643835,
                  "fontWeight": "bold",
                  "marginBottom": 10,
                }
              }
            >
              Past Teams
            </Text>
          </View>
          <View
            style={
              {
                "display": "flex",
                "flexDirection": "row",
                "marginBottom": 5,
              }
            }
          >
            <View
              style={
                {
                  "alignSelf": "center",
                  "flex": 1,
                }
              }
            >
              <View
                accessible={true}
                collapsable={false}
                focusable={true}
                onClick={[Function]}
                onResponderGrant={[Function]}
                onResponderMove={[Function]}
                onResponderRelease={[Function]}
                onResponderTerminate={[Function]}
                onResponderTerminationRequest={[Function]}
                onStartShouldSetResponder={[Function]}
                style={
                  {
                    "opacity": 1,
                  }
                }
              >
                <Text
                  style={
                    {
                      "color": "#ababab",
                      "fontSize": 41.0958904109589,
                      "fontWeight": "bold",
                    }
                  }
                >
                  Place7 Name7
                </Text>
                <Text
                  style={
                    {
                      "color": "#ffd600",
                      "fontSize": 30.821917808219176,
                      "fontWeight": "bold",
                    }
                  }
                >
                  @
                  place7name7
                </Text>
                <Text
                  style={
                    {
                      "color": "#ffd600",
                      "fontSize": 20.54794520547945,
                      "fontWeight": "bold",
                    }
                  }
                >
                  2019
                </Text>
              </View>
            </View>
            <View
              collapsable={false}
              style={
                {
                  "alignSelf": undefined,
                  "bottom": undefined,
                  "end": undefined,
                  "left": undefined,
                  "position": undefined,
                  "right": undefined,
                  "shadowColor": "#000",
                  "shadowOffset": {
                    "height": 0,
                    "width": 0,
                  },
                  "shadowOpacity": 0,
                  "shadowRadius": 0,
                  "start": undefined,
                  "top": undefined,
                }
              }
            >
              <View
                collapsable={false}
                style={
                  {
                    "shadowColor": "#000",
                    "shadowOffset": {
                      "height": 0,
                      "width": 0,
                    },
                    "shadowOpacity": 0,
                    "shadowRadius": 0,
                  }
                }
              >
                <View
                  collapsable={false}
                  style={
                    {
                      "alignItems": "center",
                      "backgroundColor": undefined,
                      "borderColor": "rgba(121, 116, 126, 1)",
                      "borderRadius": 20,
                      "borderWidth": 0,
                      "elevation": 0,
                      "height": 40,
                      "justifyContent": "center",
                      "margin": 6,
                      "overflow": "hidden",
                      "width": 40,
                    }
                  }
                >
                  <View
                    accessibilityComponentType="button"
                    accessibilityRole="button"
                    accessibilityState={
                      {
                        "disabled": false,
                      }
                    }
                    accessibilityTraits="button"
                    accessible={true}
                    centered={true}
                    collapsable={false}
                    focusable={true}
                    hitSlop={
                      {
                        "bottom": 6,
                        "left": 6,
                        "right": 6,
                        "top": 6,
                      }
                    }
                    onBlur={[Function]}
                    onClick={[Function]}
                    onFocus={[Function]}
                    onResponderGrant={[Function]}
                    onResponderMove={[Function]}
                    onResponderRelease={[Function]}
                    onResponderTerminate={[Function]}
                    onResponderTerminationRequest={[Function]}
                    onStartShouldSetResponder={[Function]}
                    style={
                      [
                        {
                          "overflow": "hidden",
                        },
                        false,
                        [
                          {
                            "alignItems": "center",
                            "flexGrow": 1,
                            "justifyContent": "center",
                          },
                          {
                            "borderRadius": 20,
                          },
                        ],
                      ]
                    }
                    testID="go-button"
                  >
                    <Text
                      accessibilityElementsHidden={true}
                      allowFontScaling={false}
                      importantForAccessibility="no-hide-descendants"
                      pointerEvents="none"
                      selectable={false}
                      style={
                        [
                          {
                            "color": "#ffd600",
                            "fontSize": 24,
                          },
                          [
                            {
                              "lineHeight": 24,
                              "transform": [
                                {
                                  "scaleX": 1,
                                },
                              ],
                            },
                            {
                              "backgroundColor": "transparent",
                            },
                          ],
                          {
                            "fontFamily": "Material Design Icons",
                            "fontStyle": "normal",
                            "fontWeight": "normal",
                          },
                          {},
                        ]
                      }
                    >
                      󰅂
                    </Text>
                  </View>
                </View>
              </View>
            </View>
          </View>
        </View>
      </View>
    </View>
  </RCTScrollView>
</RCTSafeAreaView>
`;
