// Jest Snapshot v1, https://goo.gl/fbAQLP

exports[`ProfileScreen profile screen matches snapshot 1`] = `
<RCTSafeAreaView
  style={
    {
      "backgroundColor": "#303030",
      "minHeight": "100%",
    }
  }
>
  <RCTScrollView
    ListFooterComponent={
      <View
        style={
          {
            "alignSelf": "center",
            "width": "75%",
          }
        }
      >
        <Section
          buttonText="see all stats"
          error=""
          listData={
            [
              {
                "name": "Goals",
                "points": 0,
                "value": 1,
              },
              {
                "name": "Assists",
                "points": 0,
                "value": 1,
              },
              {
                "name": "Blocks",
                "points": 0,
                "value": 1,
              },
              {
                "name": "+ / -",
                "points": 0,
                "value": 2,
              },
            ]
          }
          loading={false}
          numColumns={2}
          onButtonPress={[Function]}
          renderItem={[Function]}
          showButton={true}
          title="Stats"
        />
        <View>
          <MapSection
            buttonText="see all games"
            listData={
              [
                {
                  "_id": "game1",
                  "creator": {
                    "_id": "user1",
                    "firstName": "First 1",
                    "lastName": "Last 1",
                    "username": "first1last1",
                  },
                  "floaterTimeout": true,
                  "halfScore": 8,
                  "hardcapMins": 90,
                  "playersPerPoint": 7,
                  "points": [],
                  "resolveCode": "111111",
                  "scoreLimit": 15,
                  "softcapMins": 75,
                  "startTime": 2022-10-12T00:00:00.000Z,
                  "teamOne": {
                    "_id": "team1",
                    "name": "Temper",
                    "place": "Pittsburgh",
                    "seasonEnd": "2022",
                    "seasonStart": "2022",
                    "teamname": "pghtemper",
                  },
                  "teamOneActive": true,
                  "teamOnePlayers": [],
                  "teamOneScore": 3,
                  "teamTwo": {
                    "name": "Sockeye",
                  },
                  "teamTwoActive": false,
                  "teamTwoDefined": false,
                  "teamTwoPlayers": [],
                  "teamTwoScore": 0,
                  "timeoutPerHalf": 1,
                  "tournament": {
                    "_id": "tourney1",
                    "endDate": "2022-10-23",
                    "eventId": "nationals22",
                    "name": "Club Nationals 2022",
                    "startDate": "2022-10-20",
                  },
                },
              ]
            }
            loading={false}
            onButtonPress={[Function]}
            onCreatePress={[Function]}
            renderItem={[Function]}
            showButton={true}
            showCreateButton={true}
            title="Games"
          />
        </View>
        <MapSection
          buttonText="manage teams"
          listData={
            [
              {
                "_id": "id1",
                "name": "Name1",
                "place": "Place1",
                "seasonEnd": "2019",
                "seasonStart": "2019",
                "teamname": "place1name1",
              },
              {
                "_id": "id2",
                "name": "Name2",
                "place": "Place2",
                "seasonEnd": "2020",
                "seasonStart": "2020",
                "teamname": "place2name2",
              },
              {
                "_id": "id3",
                "name": "Name3",
                "place": "Place3",
                "seasonEnd": "2021",
                "seasonStart": "2021",
                "teamname": "place3name3",
              },
            ]
          }
          onButtonPress={[Function]}
          onCreatePress={[Function]}
          renderItem={[Function]}
          showButton={true}
          showCreateButton={true}
          title="Teams"
        />
      </View>
    }
    ListHeaderComponent={
      <View
        style={
          {
            "alignItems": "center",
          }
        }
      >
        <View
          style={
            {
              "flexDirection": "row",
              "marginBottom": 0,
              "marginLeft": 10,
            }
          }
        >
          <ScreenTitle
            style={
              {
                "alignSelf": "center",
                "flex": 1,
              }
            }
            title="first last"
          />
          <IconButtonText
            icon="email-outline"
            onPress={[Function]}
            style={
              {
                "margin": 10,
              }
            }
            text="Requests"
          />
          <IconButtonText
            icon="cog-outline"
            onPress={[Function]}
            style={
              {
                "marginRight": 10,
                "marginTop": 10,
              }
            }
            text="Settings"
          />
        </View>
        <Text
          style={
            {
              "color": "#ffd600",
              "fontSize": 41.0958904109589,
            }
          }
        >
          @testuser
        </Text>
        <Button
          loading={false}
          mode="text"
          onPress={[Function]}
          style={
            {
              "marginTop": 5,
            }
          }
          textColor="#ff0000"
          uppercase={true}
        >
          Sign Out
        </Button>
        <ActiveGameWarning
          count={1}
          onPress={[Function]}
        />
      </View>
    }
    data={[]}
    getItem={[Function]}
    getItemCount={[Function]}
    keyExtractor={[Function]}
    onContentSizeChange={[Function]}
    onLayout={[Function]}
    onMomentumScrollBegin={[Function]}
    onMomentumScrollEnd={[Function]}
    onScroll={[Function]}
    onScrollBeginDrag={[Function]}
    onScrollEndDrag={[Function]}
    refreshControl={
      <RefreshControlMock
        colors={
          [
            "#31adff",
          ]
        }
        onRefresh={[Function]}
        refreshing={false}
        tintColor="#31adff"
      />
    }
    removeClippedSubviews={false}
    renderItem={[Function]}
    scrollEventThrottle={50}
    showsVerticalScrollIndicator={false}
    stickyHeaderIndices={[]}
    testID="profile-flat-list"
    viewabilityConfigCallbackPairs={[]}
  >
    <RCTRefreshControl />
    <View>
      <View
        onLayout={[Function]}
      >
        <View
          style={
            {
              "alignItems": "center",
            }
          }
        >
          <View
            style={
              {
                "flexDirection": "row",
                "marginBottom": 0,
                "marginLeft": 10,
              }
            }
          >
            <Text
              numberOfLines={1}
              style={
                [
                  {
                    "color": "#ffd600",
                    "fontSize": 61.64383561643835,
                    "fontWeight": "bold",
                  },
                  {
                    "alignSelf": "center",
                    "flex": 1,
                  },
                ]
              }
            >
              first last
            </Text>
            <View
              accessible={true}
              collapsable={false}
              focusable={true}
              onClick={[Function]}
              onResponderGrant={[Function]}
              onResponderMove={[Function]}
              onResponderRelease={[Function]}
              onResponderTerminate={[Function]}
              onResponderTerminationRequest={[Function]}
              onStartShouldSetResponder={[Function]}
              style={
                {
                  "flexDirection": "column",
                  "margin": 10,
                  "opacity": 1,
                }
              }
            >
              <Text
                allowFontScaling={false}
                selectable={false}
                style={
                  [
                    {
                      "color": "#ffd600",
                      "fontSize": 25,
                    },
                    {
                      "alignSelf": "center",
                      "margin": 0,
                      "padding": 0,
                    },
                    {
                      "fontFamily": "Material Design Icons",
                      "fontStyle": "normal",
                      "fontWeight": "normal",
                    },
                    {},
                  ]
                }
                testID="icon-button"
              >
                󰇰
              </Text>
              <Text
                style={
                  {
                    "color": "#ffd600",
                    "margin": 0,
                    "padding": 0,
                  }
                }
              >
                Requests
              </Text>
            </View>
            <View
              accessible={true}
              collapsable={false}
              focusable={true}
              onClick={[Function]}
              onResponderGrant={[Function]}
              onResponderMove={[Function]}
              onResponderRelease={[Function]}
              onResponderTerminate={[Function]}
              onResponderTerminationRequest={[Function]}
              onStartShouldSetResponder={[Function]}
              style={
                {
                  "flexDirection": "column",
                  "marginRight": 10,
                  "marginTop": 10,
                  "opacity": 1,
                }
              }
            >
              <Text
                allowFontScaling={false}
                selectable={false}
                style={
                  [
                    {
                      "color": "#ffd600",
                      "fontSize": 25,
                    },
                    {
                      "alignSelf": "center",
                      "margin": 0,
                      "padding": 0,
                    },
                    {
                      "fontFamily": "Material Design Icons",
                      "fontStyle": "normal",
                      "fontWeight": "normal",
                    },
                    {},
                  ]
                }
                testID="icon-button"
              >
                󰢻
              </Text>
              <Text
                style={
                  {
                    "color": "#ffd600",
                    "margin": 0,
                    "padding": 0,
                  }
                }
              >
                Settings
              </Text>
            </View>
          </View>
          <Text
            style={
              {
                "color": "#ffd600",
                "fontSize": 41.0958904109589,
              }
            }
          >
            @testuser
          </Text>
          <View
            collapsable={false}
            style={
              {
                "alignSelf": undefined,
                "bottom": undefined,
                "end": undefined,
                "left": undefined,
                "position": undefined,
                "right": undefined,
                "shadowColor": "#000",
                "shadowOffset": {
                  "height": 0,
                  "width": 0,
                },
                "shadowOpacity": 0,
                "shadowRadius": 0,
                "start": undefined,
                "top": undefined,
              }
            }
          >
            <View
              collapsable={false}
              style={
                {
                  "shadowColor": "#000",
                  "shadowOffset": {
                    "height": 0,
                    "width": 0,
                  },
                  "shadowOpacity": 0,
                  "shadowRadius": 0,
                }
              }
            >
              <View
                collapsable={false}
                style={
                  {
                    "backgroundColor": "transparent",
                    "borderColor": "transparent",
                    "borderRadius": 20,
                    "borderStyle": "solid",
                    "borderWidth": 0,
                    "marginTop": 5,
                    "minWidth": 64,
                  }
                }
              >
                <View
                  accessibilityRole="button"
                  accessibilityState={
                    {
                      "disabled": false,
                    }
                  }
                  accessible={true}
                  collapsable={false}
                  focusable={true}
                  onBlur={[Function]}
                  onClick={[Function]}
                  onFocus={[Function]}
                  onResponderGrant={[Function]}
                  onResponderMove={[Function]}
                  onResponderRelease={[Function]}
                  onResponderTerminate={[Function]}
                  onResponderTerminationRequest={[Function]}
                  onStartShouldSetResponder={[Function]}
                  style={
                    [
                      {
                        "overflow": "hidden",
                      },
                      false,
                      {
                        "borderRadius": 20,
                      },
                    ]
                  }
                  testID="button"
                >
                  <View
                    style={
                      [
                        {
                          "alignItems": "center",
                          "flexDirection": "row",
                          "justifyContent": "center",
                        },
                        undefined,
                      ]
                    }
                  >
                    <Text
                      numberOfLines={1}
                      selectable={false}
                      style={
                        [
                          {
                            "color": "rgba(28, 27, 31, 1)",
                            "fontFamily": "System",
                            "fontSize": 14,
                            "fontWeight": "500",
                            "letterSpacing": 0.1,
                            "lineHeight": 20,
                          },
                          {
                            "textAlign": "left",
                          },
                          {
                            "writingDirection": "ltr",
                          },
                          [
                            {
                              "marginHorizontal": 16,
                              "marginVertical": 9,
                              "textAlign": "center",
                            },
                            false,
                            {
                              "marginHorizontal": 12,
                            },
                            undefined,
                            {
                              "textTransform": "uppercase",
                            },
                            {
                              "color": "#ff0000",
                              "fontFamily": "System",
                              "fontSize": 14,
                              "fontWeight": "500",
                              "letterSpacing": 0.1,
                              "lineHeight": 20,
                            },
                            undefined,
                          ],
                        ]
                      }
                    >
                      Sign Out
                    </Text>
                  </View>
                </View>
              </View>
            </View>
          </View>
          <View
            style={
              {
                "flexDirection": "row",
              }
            }
          >
            <View
              collapsable={false}
              style={
                {
                  "alignSelf": undefined,
                  "bottom": undefined,
                  "end": undefined,
                  "left": undefined,
                  "position": undefined,
                  "right": undefined,
                  "shadowColor": "#000",
                  "shadowOffset": {
                    "height": 0,
                    "width": 0,
                  },
                  "shadowOpacity": 0,
                  "shadowRadius": 0,
                  "start": undefined,
                  "top": undefined,
                }
              }
            >
              <View
                collapsable={false}
                style={
                  {
                    "shadowColor": "#000",
                    "shadowOffset": {
                      "height": 0,
                      "width": 0,
                    },
                    "shadowOpacity": 0,
                    "shadowRadius": 0,
                  }
                }
              >
                <View
                  collapsable={false}
                  style={
                    {
                      "backgroundColor": "#303030",
                      "borderColor": "#ffd600",
                      "borderRadius": 8,
                      "borderStyle": "solid",
                      "borderWidth": 1,
                      "flexDirection": "column",
                    }
                  }
                >
                  <View
                    accessibilityRole="button"
                    accessibilityState={
                      {
                        "disabled": false,
                        "selected": false,
                      }
                    }
                    accessible={true}
                    collapsable={false}
                    focusable={true}
                    onBlur={[Function]}
                    onClick={[Function]}
                    onFocus={[Function]}
                    onResponderGrant={[Function]}
                    onResponderMove={[Function]}
                    onResponderRelease={[Function]}
                    onResponderTerminate={[Function]}
                    onResponderTerminationRequest={[Function]}
                    onStartShouldSetResponder={[Function]}
                    style={
                      [
                        {
                          "overflow": "hidden",
                        },
                        false,
                        [
                          {
                            "borderRadius": 8,
                          },
                          {
                            "flexGrow": 1,
                          },
                        ],
                      ]
                    }
                  >
                    <View
                      style={
                        [
                          {
                            "alignItems": "center",
                            "flexDirection": "row",
                            "flexGrow": 1,
                            "paddingLeft": 4,
                            "position": "relative",
                          },
                          {
                            "paddingLeft": 0,
                          },
                          {
                            "paddingRight": 34,
                          },
                        ]
                      }
                    >
                      <Text
                        numberOfLines={1}
                        selectable={false}
                        style={
                          [
                            {
                              "color": "rgba(28, 27, 31, 1)",
                              "fontFamily": "System",
                              "fontSize": 14,
                              "fontWeight": "500",
                              "letterSpacing": 0.1,
                              "lineHeight": 20,
                            },
                            {
                              "textAlign": "left",
                            },
                            {
                              "writingDirection": "ltr",
                            },
                            [
                              {
                                "marginVertical": 6,
                                "textAlignVertical": "center",
                              },
                              {
                                "color": "rgba(73, 69, 79, 1)",
                                "fontFamily": "System",
                                "fontSize": 14,
                                "fontWeight": "500",
                                "letterSpacing": 0.1,
                                "lineHeight": 20,
                              },
                              {
                                "marginLeft": 16,
                                "marginRight": 0,
                              },
                              undefined,
                            ],
                          ]
                        }
                      >
                        <Text
                          style={
                            {
                              "color": "#ffd600",
                            }
                          }
                        >
                          You have 
                          1
                           active game
                        </Text>
                      </Text>
                    </View>
                  </View>
                  <View
                    style={
                      {
                        "alignItems": "center",
                        "height": "100%",
                        "justifyContent": "center",
                        "position": "absolute",
                        "right": 0,
                      }
                    }
                  >
                    <View
                      accessibilityLabel="Close"
                      accessibilityRole="button"
                      accessible={true}
                      focusable={true}
                      onClick={[Function]}
                      onResponderGrant={[Function]}
                      onResponderMove={[Function]}
                      onResponderRelease={[Function]}
                      onResponderTerminate={[Function]}
                      onResponderTerminationRequest={[Function]}
                      onStartShouldSetResponder={[Function]}
                      style={
                        [
                          {
                            "alignSelf": "center",
                            "padding": 4,
                          },
                          {
                            "marginRight": 4,
                          },
                          {
                            "marginRight": 8,
                            "padding": 0,
                          },
                        ]
                      }
                    >
                      <Text
                        allowFontScaling={false}
                        selectable={false}
                        style={
                          [
                            {
                              "color": "#ffd600",
                              "fontSize": 20,
                            },
                            undefined,
                            {
                              "fontFamily": "Material Design Icons",
                              "fontStyle": "normal",
                              "fontWeight": "normal",
                            },
                            {},
                          ]
                        }
                        testID="chip-close"
                      >
                        󰅂
                      </Text>
                    </View>
                  </View>
                </View>
              </View>
            </View>
          </View>
        </View>
      </View>
      <View
        onLayout={[Function]}
      >
        <View
          style={
            {
              "alignSelf": "center",
              "width": "75%",
            }
          }
        >
          <View
            style={
              {
                "flex": 0,
                "flexShrink": 1,
                "width": "100%",
              }
            }
          >
            <View
              style={
                {
                  "display": "flex",
                  "flex": 1,
                  "flexDirection": "row",
                }
              }
            >
              <Text
                style={
                  {
                    "color": "#ffd600",
                    "flex": 1,
                    "fontSize": 61.64383561643835,
                    "fontWeight": "bold",
                    "marginBottom": 10,
                  }
                }
              >
                Stats
              </Text>
              <View
                collapsable={false}
                style={
                  {
                    "alignSelf": undefined,
                    "bottom": undefined,
                    "end": undefined,
                    "left": undefined,
                    "position": undefined,
                    "right": undefined,
                    "shadowColor": "#000",
                    "shadowOffset": {
                      "height": 0,
                      "width": 0,
                    },
                    "shadowOpacity": 0,
                    "shadowRadius": 0,
                    "start": undefined,
                    "top": undefined,
                  }
                }
              >
                <View
                  collapsable={false}
                  style={
                    {
                      "shadowColor": "#000",
                      "shadowOffset": {
                        "height": 0,
                        "width": 0,
                      },
                      "shadowOpacity": 0,
                      "shadowRadius": 0,
                    }
                  }
                >
                  <View
                    collapsable={false}
                    style={
                      {
                        "backgroundColor": "#ffd600",
                        "borderColor": "rgba(28, 27, 31, 0.12)",
                        "borderRadius": 5,
                        "borderWidth": 0,
                        "display": "none",
                        "elevation": 0,
                        "flexWrap": "nowrap",
                        "height": 40,
                        "margin": 6,
                        "overflow": "hidden",
                        "width": 40,
                      }
                    }
                  >
                    <View
                      accessibilityComponentType="button"
                      accessibilityRole="button"
                      accessibilityState={
                        {
                          "disabled": true,
                        }
                      }
                      accessibilityTraits={
                        [
                          "button",
                          "disabled",
                        ]
                      }
                      accessible={true}
                      centered={true}
                      collapsable={false}
                      focusable={true}
                      hitSlop={
                        {
                          "bottom": 6,
                          "left": 6,
                          "right": 6,
                          "top": 6,
                        }
                      }
                      onBlur={[Function]}
                      onClick={[Function]}
                      onFocus={[Function]}
                      onResponderGrant={[Function]}
                      onResponderMove={[Function]}
                      onResponderRelease={[Function]}
                      onResponderTerminate={[Function]}
                      onResponderTerminationRequest={[Function]}
                      onStartShouldSetResponder={[Function]}
                      style={
                        [
                          {
                            "overflow": "hidden",
                          },
                          false,
                          [
                            {
                              "alignItems": "center",
                              "flexGrow": 1,
                              "justifyContent": "center",
                            },
                            {
                              "borderRadius": 5,
                            },
                          ],
                        ]
                      }
                      testID="create-button"
                    >
                      <Text
                        accessibilityElementsHidden={true}
                        allowFontScaling={false}
                        importantForAccessibility="no-hide-descendants"
                        pointerEvents="none"
                        selectable={false}
                        style={
                          [
                            {
                              "color": "rgba(28, 27, 31, 0.38)",
                              "fontSize": 24,
                            },
                            [
                              {
                                "lineHeight": 24,
                                "transform": [
                                  {
                                    "scaleX": 1,
                                  },
                                ],
                              },
                              {
                                "backgroundColor": "transparent",
                              },
                            ],
                            {
                              "fontFamily": "Material Design Icons",
                              "fontStyle": "normal",
                              "fontWeight": "normal",
                            },
                            {},
                          ]
                        }
                      >
                        󰐕
                      </Text>
                    </View>
                  </View>
                </View>
              </View>
            </View>
            <View
              data={
                [
                  {
                    "name": "Goals",
                    "points": 0,
                    "value": 1,
                  },
                  {
                    "name": "Assists",
                    "points": 0,
                    "value": 1,
                  },
                  {
                    "name": "Blocks",
                    "points": 0,
                    "value": 1,
                  },
                  {
                    "name": "+ / -",
                    "points": 0,
                    "value": 2,
                  },
                ]
              }
              getItem={[Function]}
              getItemCount={[Function]}
              keyExtractor={[Function]}
              listKey="Stats"
              onContentSizeChange={[Function]}
              onLayout={[Function]}
              onMomentumScrollBegin={[Function]}
              onMomentumScrollEnd={[Function]}
              onScroll={[Function]}
              onScrollBeginDrag={[Function]}
              onScrollEndDrag={[Function]}
              removeClippedSubviews={false}
              renderItem={[Function]}
              scrollEnabled={false}
              scrollEventThrottle={50}
              stickyHeaderIndices={[]}
              viewabilityConfigCallbackPairs={[]}
            >
              <View
                onLayout={[Function]}
                style={null}
              >
                <View
                  style={
                    {
                      "flexDirection": "row",
                    }
                  }
                >
                  <View
                    style={
                      {
                        "minWidth": 150,
                      }
                    }
                  >
                    <Text
                      style={
                        {
                          "color": "#ababab",
                          "fontSize": 41.0958904109589,
                          "fontWeight": "bold",
                        }
                      }
                    >
                      Goals
                    </Text>
                    <Text
                      style={
                        {
                          "color": "#ffd600",
                          "fontSize": 61.64383561643835,
                          "fontWeight": "bold",
                        }
                      }
                    >
                      1
                    </Text>
                    <View
                      style={
                        {
                          "backgroundColor": "#31adff",
                          "borderRadius": 5,
                          "height": 10,
                          "width": 100,
                        }
                      }
                    />
                  </View>
                  <View
                    style={
                      {
                        "minWidth": 150,
                      }
                    }
                  >
                    <Text
                      style={
                        {
                          "color": "#ababab",
                          "fontSize": 41.0958904109589,
                          "fontWeight": "bold",
                        }
                      }
                    >
                      Assists
                    </Text>
                    <Text
                      style={
                        {
                          "color": "#ffd600",
                          "fontSize": 61.64383561643835,
                          "fontWeight": "bold",
                        }
                      }
                    >
                      1
                    </Text>
                    <View
                      style={
                        {
                          "backgroundColor": "#31adff",
                          "borderRadius": 5,
                          "height": 10,
                          "width": 100,
                        }
                      }
                    />
                  </View>
                </View>
              </View>
              <View
                onLayout={[Function]}
                style={null}
              >
                <View
                  style={
                    {
                      "flexDirection": "row",
                    }
                  }
                >
                  <View
                    style={
                      {
                        "minWidth": 150,
                      }
                    }
                  >
                    <Text
                      style={
                        {
                          "color": "#ababab",
                          "fontSize": 41.0958904109589,
                          "fontWeight": "bold",
                        }
                      }
                    >
                      Blocks
                    </Text>
                    <Text
                      style={
                        {
                          "color": "#ffd600",
                          "fontSize": 61.64383561643835,
                          "fontWeight": "bold",
                        }
                      }
                    >
                      1
                    </Text>
                    <View
                      style={
                        {
                          "backgroundColor": "#31adff",
                          "borderRadius": 5,
                          "height": 10,
                          "width": 100,
                        }
                      }
                    />
                  </View>
                  <View
                    style={
                      {
                        "minWidth": 150,
                      }
                    }
                  >
                    <Text
                      style={
                        {
                          "color": "#ababab",
                          "fontSize": 41.0958904109589,
                          "fontWeight": "bold",
                        }
                      }
                    >
                      + / -
                    </Text>
                    <Text
                      style={
                        {
                          "color": "#ffd600",
                          "fontSize": 61.64383561643835,
                          "fontWeight": "bold",
                        }
                      }
                    >
                      2
                    </Text>
                    <View
                      style={
                        {
                          "backgroundColor": "#31adff",
                          "borderRadius": 5,
                          "height": 10,
                          "width": 100,
                        }
                      }
                    />
                  </View>
                </View>
              </View>
            </View>
            <View
              collapsable={false}
              style={
                {
                  "alignSelf": "center",
                  "bottom": undefined,
                  "end": undefined,
                  "left": undefined,
                  "position": undefined,
                  "right": undefined,
                  "shadowColor": "#000",
                  "shadowOffset": {
                    "height": 0,
                    "width": 0,
                  },
                  "shadowOpacity": 0,
                  "shadowRadius": 0,
                  "start": undefined,
                  "top": undefined,
                }
              }
            >
              <View
                collapsable={false}
                style={
                  {
                    "shadowColor": "#000",
                    "shadowOffset": {
                      "height": 0,
                      "width": 0,
                    },
                    "shadowOpacity": 0,
                    "shadowRadius": 0,
                  }
                }
              >
                <View
                  collapsable={false}
                  style={
                    {
                      "backgroundColor": "transparent",
                      "borderColor": "transparent",
                      "borderRadius": 20,
                      "borderStyle": "solid",
                      "borderWidth": 0,
                      "marginTop": 10,
                      "minWidth": 64,
                    }
                  }
                >
                  <View
                    accessibilityRole="button"
                    accessibilityState={
                      {
                        "disabled": false,
                      }
                    }
                    accessible={true}
                    collapsable={false}
                    focusable={true}
                    onBlur={[Function]}
                    onClick={[Function]}
                    onFocus={[Function]}
                    onResponderGrant={[Function]}
                    onResponderMove={[Function]}
                    onResponderRelease={[Function]}
                    onResponderTerminate={[Function]}
                    onResponderTerminationRequest={[Function]}
                    onStartShouldSetResponder={[Function]}
                    style={
                      [
                        {
                          "overflow": "hidden",
                        },
                        false,
                        {
                          "borderRadius": 20,
                        },
                      ]
                    }
                    testID="button"
                  >
                    <View
                      style={
                        [
                          {
                            "alignItems": "center",
                            "flexDirection": "row",
                            "justifyContent": "center",
                          },
                          undefined,
                        ]
                      }
                    >
                      <Text
                        numberOfLines={1}
                        selectable={false}
                        style={
                          [
                            {
                              "color": "rgba(28, 27, 31, 1)",
                              "fontFamily": "System",
                              "fontSize": 14,
                              "fontWeight": "500",
                              "letterSpacing": 0.1,
                              "lineHeight": 20,
                            },
                            {
                              "textAlign": "left",
                            },
                            {
                              "writingDirection": "ltr",
                            },
                            [
                              {
                                "marginHorizontal": 16,
                                "marginVertical": 9,
                                "textAlign": "center",
                              },
                              false,
                              {
                                "marginHorizontal": 12,
                              },
                              undefined,
                              {
                                "textTransform": "uppercase",
                              },
                              {
                                "color": "#ffd600",
                                "fontFamily": "System",
                                "fontSize": 14,
                                "fontWeight": "500",
                                "letterSpacing": 0.1,
                                "lineHeight": 20,
                              },
                              undefined,
                            ],
                          ]
                        }
                      >
                        see all stats
                      </Text>
                    </View>
                  </View>
                </View>
              </View>
            </View>
          </View>
          <View>
            <View
              style={
                {
                  "width": "100%",
                }
              }
            >
              <View
                style={
                  {
                    "display": "flex",
                    "flex": 1,
                    "flexDirection": "row",
                  }
                }
              >
                <Text
                  style={
                    {
                      "color": "#ffd600",
                      "flex": 1,
                      "fontSize": 61.64383561643835,
                      "fontWeight": "bold",
                      "marginBottom": 10,
                    }
                  }
                >
                  Games
                </Text>
                <View
                  collapsable={false}
                  style={
                    {
                      "alignSelf": undefined,
                      "bottom": undefined,
                      "end": undefined,
                      "left": undefined,
                      "position": undefined,
                      "right": undefined,
                      "shadowColor": "#000",
                      "shadowOffset": {
                        "height": 0,
                        "width": 0,
                      },
                      "shadowOpacity": 0,
                      "shadowRadius": 0,
                      "start": undefined,
                      "top": undefined,
                    }
                  }
                >
                  <View
                    collapsable={false}
                    style={
                      {
                        "shadowColor": "#000",
                        "shadowOffset": {
                          "height": 0,
                          "width": 0,
                        },
                        "shadowOpacity": 0,
                        "shadowRadius": 0,
                      }
                    }
                  >
                    <View
                      collapsable={false}
                      style={
                        {
                          "backgroundColor": "#ffd600",
                          "borderColor": "rgba(121, 116, 126, 1)",
                          "borderRadius": 5,
                          "borderWidth": 0,
                          "display": "flex",
                          "elevation": 0,
                          "flexWrap": "nowrap",
                          "height": 40,
                          "margin": 6,
                          "overflow": "hidden",
                          "width": 40,
                        }
                      }
                    >
                      <View
                        accessibilityComponentType="button"
                        accessibilityRole="button"
                        accessibilityState={
                          {
                            "disabled": false,
                          }
                        }
                        accessibilityTraits="button"
                        accessible={true}
                        centered={true}
                        collapsable={false}
                        focusable={true}
                        hitSlop={
                          {
                            "bottom": 6,
                            "left": 6,
                            "right": 6,
                            "top": 6,
                          }
                        }
                        onBlur={[Function]}
                        onClick={[Function]}
                        onFocus={[Function]}
                        onResponderGrant={[Function]}
                        onResponderMove={[Function]}
                        onResponderRelease={[Function]}
                        onResponderTerminate={[Function]}
                        onResponderTerminationRequest={[Function]}
                        onStartShouldSetResponder={[Function]}
                        style={
                          [
                            {
                              "overflow": "hidden",
                            },
                            false,
                            [
                              {
                                "alignItems": "center",
                                "flexGrow": 1,
                                "justifyContent": "center",
                              },
                              {
                                "borderRadius": 5,
                              },
                            ],
                          ]
                        }
                        testID="create-button"
                      >
                        <Text
                          accessibilityElementsHidden={true}
                          allowFontScaling={false}
                          importantForAccessibility="no-hide-descendants"
                          pointerEvents="none"
                          selectable={false}
                          style={
                            [
                              {
                                "color": "#303030",
                                "fontSize": 24,
                              },
                              [
                                {
                                  "lineHeight": 24,
                                  "transform": [
                                    {
                                      "scaleX": 1,
                                    },
                                  ],
                                },
                                {
                                  "backgroundColor": "transparent",
                                },
                              ],
                              {
                                "fontFamily": "Material Design Icons",
                                "fontStyle": "normal",
                                "fontWeight": "normal",
                              },
                              {},
                            ]
                          }
                        >
                          󰐕
                        </Text>
                      </View>
                    </View>
                  </View>
                </View>
              </View>
              <View>
                <View
                  style={
                    {
                      "display": "flex",
                      "flexDirection": "row",
                      "marginBottom": 5,
                    }
                  }
                >
                  <View
                    style={
                      {
                        "alignSelf": "center",
                        "flex": 1,
                      }
                    }
                  >
                    <View
                      accessible={true}
                      collapsable={false}
                      focusable={true}
                      onClick={[Function]}
                      onResponderGrant={[Function]}
                      onResponderMove={[Function]}
                      onResponderRelease={[Function]}
                      onResponderTerminate={[Function]}
                      onResponderTerminationRequest={[Function]}
                      onStartShouldSetResponder={[Function]}
                      style={
                        {
                          "opacity": 1,
                        }
                      }
                    >
                      <Text
                        style={
                          {
                            "color": "#ababab",
                            "fontSize": 41.0958904109589,
                            "fontWeight": "bold",
                          }
                        }
                      >
                        vs. Sockeye
                      </Text>
                      <Text
                        style={
                          {
                            "color": "#ffd600",
                            "fontSize": 20.54794520547945,
                            "fontWeight": "bold",
                          }
                        }
                      >
                        3 - 0
                      </Text>
                    </View>
                  </View>
                  <View
                    collapsable={false}
                    style={
                      {
                        "alignSelf": undefined,
                        "bottom": undefined,
                        "end": undefined,
                        "left": undefined,
                        "position": undefined,
                        "right": undefined,
                        "shadowColor": "#000",
                        "shadowOffset": {
                          "height": 0,
                          "width": 0,
                        },
                        "shadowOpacity": 0,
                        "shadowRadius": 0,
                        "start": undefined,
                        "top": undefined,
                      }
                    }
                  >
                    <View
                      collapsable={false}
                      style={
                        {
                          "shadowColor": "#000",
                          "shadowOffset": {
                            "height": 0,
                            "width": 0,
                          },
                          "shadowOpacity": 0,
                          "shadowRadius": 0,
                        }
                      }
                    >
                      <View
                        collapsable={false}
                        style={
                          {
                            "alignItems": "center",
                            "backgroundColor": undefined,
                            "borderColor": "rgba(121, 116, 126, 1)",
                            "borderRadius": 20,
                            "borderWidth": 0,
                            "elevation": 0,
                            "height": 40,
                            "justifyContent": "center",
                            "margin": 6,
                            "overflow": "hidden",
                            "width": 40,
                          }
                        }
                      >
                        <View
                          accessibilityComponentType="button"
                          accessibilityRole="button"
                          accessibilityState={
                            {
                              "disabled": false,
                            }
                          }
                          accessibilityTraits="button"
                          accessible={true}
                          centered={true}
                          collapsable={false}
                          focusable={true}
                          hitSlop={
                            {
                              "bottom": 6,
                              "left": 6,
                              "right": 6,
                              "top": 6,
                            }
                          }
                          onBlur={[Function]}
                          onClick={[Function]}
                          onFocus={[Function]}
                          onResponderGrant={[Function]}
                          onResponderMove={[Function]}
                          onResponderRelease={[Function]}
                          onResponderTerminate={[Function]}
                          onResponderTerminationRequest={[Function]}
                          onStartShouldSetResponder={[Function]}
                          style={
                            [
                              {
                                "overflow": "hidden",
                              },
                              false,
                              [
                                {
                                  "alignItems": "center",
                                  "flexGrow": 1,
                                  "justifyContent": "center",
                                },
                                {
                                  "borderRadius": 20,
                                },
                              ],
                            ]
                          }
                          testID="go-button"
                        >
                          <Text
                            accessibilityElementsHidden={true}
                            allowFontScaling={false}
                            importantForAccessibility="no-hide-descendants"
                            pointerEvents="none"
                            selectable={false}
                            style={
                              [
                                {
                                  "color": "#ffd600",
                                  "fontSize": 24,
                                },
                                [
                                  {
                                    "lineHeight": 24,
                                    "transform": [
                                      {
                                        "scaleX": 1,
                                      },
                                    ],
                                  },
                                  {
                                    "backgroundColor": "transparent",
                                  },
                                ],
                                {
                                  "fontFamily": "Material Design Icons",
                                  "fontStyle": "normal",
                                  "fontWeight": "normal",
                                },
                                {},
                              ]
                            }
                          >
                            󰅂
                          </Text>
                        </View>
                      </View>
                    </View>
                  </View>
                </View>
              </View>
              <View
                collapsable={false}
                style={
                  {
                    "alignSelf": "center",
                    "bottom": undefined,
                    "end": undefined,
                    "left": undefined,
                    "position": undefined,
                    "right": undefined,
                    "shadowColor": "#000",
                    "shadowOffset": {
                      "height": 0,
                      "width": 0,
                    },
                    "shadowOpacity": 0,
                    "shadowRadius": 0,
                    "start": undefined,
                    "top": undefined,
                  }
                }
              >
                <View
                  collapsable={false}
                  style={
                    {
                      "shadowColor": "#000",
                      "shadowOffset": {
                        "height": 0,
                        "width": 0,
                      },
                      "shadowOpacity": 0,
                      "shadowRadius": 0,
                    }
                  }
                >
                  <View
                    collapsable={false}
                    style={
                      {
                        "backgroundColor": "transparent",
                        "borderColor": "transparent",
                        "borderRadius": 20,
                        "borderStyle": "solid",
                        "borderWidth": 0,
                        "marginTop": 10,
                        "minWidth": 64,
                      }
                    }
                  >
                    <View
                      accessibilityRole="button"
                      accessibilityState={
                        {
                          "disabled": false,
                        }
                      }
                      accessible={true}
                      collapsable={false}
                      focusable={true}
                      onBlur={[Function]}
                      onClick={[Function]}
                      onFocus={[Function]}
                      onResponderGrant={[Function]}
                      onResponderMove={[Function]}
                      onResponderRelease={[Function]}
                      onResponderTerminate={[Function]}
                      onResponderTerminationRequest={[Function]}
                      onStartShouldSetResponder={[Function]}
                      style={
                        [
                          {
                            "overflow": "hidden",
                          },
                          false,
                          {
                            "borderRadius": 20,
                          },
                        ]
                      }
                      testID="more-button"
                    >
                      <View
                        style={
                          [
                            {
                              "alignItems": "center",
                              "flexDirection": "row",
                              "justifyContent": "center",
                            },
                            undefined,
                          ]
                        }
                      >
                        <Text
                          numberOfLines={1}
                          selectable={false}
                          style={
                            [
                              {
                                "color": "rgba(28, 27, 31, 1)",
                                "fontFamily": "System",
                                "fontSize": 14,
                                "fontWeight": "500",
                                "letterSpacing": 0.1,
                                "lineHeight": 20,
                              },
                              {
                                "textAlign": "left",
                              },
                              {
                                "writingDirection": "ltr",
                              },
                              [
                                {
                                  "marginHorizontal": 16,
                                  "marginVertical": 9,
                                  "textAlign": "center",
                                },
                                false,
                                {
                                  "marginHorizontal": 12,
                                },
                                undefined,
                                {
                                  "textTransform": "uppercase",
                                },
                                {
                                  "color": "#ffd600",
                                  "fontFamily": "System",
                                  "fontSize": 14,
                                  "fontWeight": "500",
                                  "letterSpacing": 0.1,
                                  "lineHeight": 20,
                                },
                                undefined,
                              ],
                            ]
                          }
                        >
                          see all games
                        </Text>
                      </View>
                    </View>
                  </View>
                </View>
              </View>
            </View>
          </View>
          <View
            style={
              {
                "width": "100%",
              }
            }
          >
            <View
              style={
                {
                  "display": "flex",
                  "flex": 1,
                  "flexDirection": "row",
                }
              }
            >
              <Text
                style={
                  {
                    "color": "#ffd600",
                    "flex": 1,
                    "fontSize": 61.64383561643835,
                    "fontWeight": "bold",
                    "marginBottom": 10,
                  }
                }
              >
                Teams
              </Text>
              <View
                collapsable={false}
                style={
                  {
                    "alignSelf": undefined,
                    "bottom": undefined,
                    "end": undefined,
                    "left": undefined,
                    "position": undefined,
                    "right": undefined,
                    "shadowColor": "#000",
                    "shadowOffset": {
                      "height": 0,
                      "width": 0,
                    },
                    "shadowOpacity": 0,
                    "shadowRadius": 0,
                    "start": undefined,
                    "top": undefined,
                  }
                }
              >
                <View
                  collapsable={false}
                  style={
                    {
                      "shadowColor": "#000",
                      "shadowOffset": {
                        "height": 0,
                        "width": 0,
                      },
                      "shadowOpacity": 0,
                      "shadowRadius": 0,
                    }
                  }
                >
                  <View
                    collapsable={false}
                    style={
                      {
                        "backgroundColor": "#ffd600",
                        "borderColor": "rgba(121, 116, 126, 1)",
                        "borderRadius": 5,
                        "borderWidth": 0,
                        "display": "flex",
                        "elevation": 0,
                        "flexWrap": "nowrap",
                        "height": 40,
                        "margin": 6,
                        "overflow": "hidden",
                        "width": 40,
                      }
                    }
                  >
                    <View
                      accessibilityComponentType="button"
                      accessibilityRole="button"
                      accessibilityState={
                        {
                          "disabled": false,
                        }
                      }
                      accessibilityTraits="button"
                      accessible={true}
                      centered={true}
                      collapsable={false}
                      focusable={true}
                      hitSlop={
                        {
                          "bottom": 6,
                          "left": 6,
                          "right": 6,
                          "top": 6,
                        }
                      }
                      onBlur={[Function]}
                      onClick={[Function]}
                      onFocus={[Function]}
                      onResponderGrant={[Function]}
                      onResponderMove={[Function]}
                      onResponderRelease={[Function]}
                      onResponderTerminate={[Function]}
                      onResponderTerminationRequest={[Function]}
                      onStartShouldSetResponder={[Function]}
                      style={
                        [
                          {
                            "overflow": "hidden",
                          },
                          false,
                          [
                            {
                              "alignItems": "center",
                              "flexGrow": 1,
                              "justifyContent": "center",
                            },
                            {
                              "borderRadius": 5,
                            },
                          ],
                        ]
                      }
                      testID="create-button"
                    >
                      <Text
                        accessibilityElementsHidden={true}
                        allowFontScaling={false}
                        importantForAccessibility="no-hide-descendants"
                        pointerEvents="none"
                        selectable={false}
                        style={
                          [
                            {
                              "color": "#303030",
                              "fontSize": 24,
                            },
                            [
                              {
                                "lineHeight": 24,
                                "transform": [
                                  {
                                    "scaleX": 1,
                                  },
                                ],
                              },
                              {
                                "backgroundColor": "transparent",
                              },
                            ],
                            {
                              "fontFamily": "Material Design Icons",
                              "fontStyle": "normal",
                              "fontWeight": "normal",
                            },
                            {},
                          ]
                        }
                      >
                        󰐕
                      </Text>
                    </View>
                  </View>
                </View>
              </View>
            </View>
            <View>
              <View
                style={
                  {
                    "display": "flex",
                    "flexDirection": "row",
                    "marginBottom": 5,
                  }
                }
              >
                <View
                  style={
                    {
                      "alignSelf": "center",
                      "flex": 1,
                    }
                  }
                >
                  <View
                    accessible={true}
                    collapsable={false}
                    focusable={true}
                    onClick={[Function]}
                    onResponderGrant={[Function]}
                    onResponderMove={[Function]}
                    onResponderRelease={[Function]}
                    onResponderTerminate={[Function]}
                    onResponderTerminationRequest={[Function]}
                    onStartShouldSetResponder={[Function]}
                    style={
                      {
                        "opacity": 1,
                      }
                    }
                  >
                    <Text
                      style={
                        {
                          "color": "#ababab",
                          "fontSize": 41.0958904109589,
                          "fontWeight": "bold",
                        }
                      }
                    >
                      Place1 Name1
                    </Text>
                    <Text
                      style={
                        {
                          "color": "#ffd600",
                          "fontSize": 30.821917808219176,
                          "fontWeight": "bold",
                        }
                      }
                    >
                      @
                      place1name1
                    </Text>
                    <Text
                      style={
                        {
                          "color": "#ffd600",
                          "fontSize": 20.54794520547945,
                          "fontWeight": "bold",
                        }
                      }
                    >
                      2019
                    </Text>
                  </View>
                </View>
                <View
                  collapsable={false}
                  style={
                    {
                      "alignSelf": undefined,
                      "bottom": undefined,
                      "end": undefined,
                      "left": undefined,
                      "position": undefined,
                      "right": undefined,
                      "shadowColor": "#000",
                      "shadowOffset": {
                        "height": 0,
                        "width": 0,
                      },
                      "shadowOpacity": 0,
                      "shadowRadius": 0,
                      "start": undefined,
                      "top": undefined,
                    }
                  }
                >
                  <View
                    collapsable={false}
                    style={
                      {
                        "shadowColor": "#000",
                        "shadowOffset": {
                          "height": 0,
                          "width": 0,
                        },
                        "shadowOpacity": 0,
                        "shadowRadius": 0,
                      }
                    }
                  >
                    <View
                      collapsable={false}
                      style={
                        {
                          "alignItems": "center",
                          "backgroundColor": undefined,
                          "borderColor": "rgba(121, 116, 126, 1)",
                          "borderRadius": 20,
                          "borderWidth": 0,
                          "elevation": 0,
                          "height": 40,
                          "justifyContent": "center",
                          "margin": 6,
                          "overflow": "hidden",
                          "width": 40,
                        }
                      }
                    >
                      <View
                        accessibilityComponentType="button"
                        accessibilityRole="button"
                        accessibilityState={
                          {
                            "disabled": false,
                          }
                        }
                        accessibilityTraits="button"
                        accessible={true}
                        centered={true}
                        collapsable={false}
                        focusable={true}
                        hitSlop={
                          {
                            "bottom": 6,
                            "left": 6,
                            "right": 6,
                            "top": 6,
                          }
                        }
                        onBlur={[Function]}
                        onClick={[Function]}
                        onFocus={[Function]}
                        onResponderGrant={[Function]}
                        onResponderMove={[Function]}
                        onResponderRelease={[Function]}
                        onResponderTerminate={[Function]}
                        onResponderTerminationRequest={[Function]}
                        onStartShouldSetResponder={[Function]}
                        style={
                          [
                            {
                              "overflow": "hidden",
                            },
                            false,
                            [
                              {
                                "alignItems": "center",
                                "flexGrow": 1,
                                "justifyContent": "center",
                              },
                              {
                                "borderRadius": 20,
                              },
                            ],
                          ]
                        }
                        testID="go-button"
                      >
                        <Text
                          accessibilityElementsHidden={true}
                          allowFontScaling={false}
                          importantForAccessibility="no-hide-descendants"
                          pointerEvents="none"
                          selectable={false}
                          style={
                            [
                              {
                                "color": "#ffd600",
                                "fontSize": 24,
                              },
                              [
                                {
                                  "lineHeight": 24,
                                  "transform": [
                                    {
                                      "scaleX": 1,
                                    },
                                  ],
                                },
                                {
                                  "backgroundColor": "transparent",
                                },
                              ],
                              {
                                "fontFamily": "Material Design Icons",
                                "fontStyle": "normal",
                                "fontWeight": "normal",
                              },
                              {},
                            ]
                          }
                        >
                          󰅂
                        </Text>
                      </View>
                    </View>
                  </View>
                </View>
              </View>
            </View>
            <View>
              <View
                style={
                  {
                    "display": "flex",
                    "flexDirection": "row",
                    "marginBottom": 5,
                  }
                }
              >
                <View
                  style={
                    {
                      "alignSelf": "center",
                      "flex": 1,
                    }
                  }
                >
                  <View
                    accessible={true}
                    collapsable={false}
                    focusable={true}
                    onClick={[Function]}
                    onResponderGrant={[Function]}
                    onResponderMove={[Function]}
                    onResponderRelease={[Function]}
                    onResponderTerminate={[Function]}
                    onResponderTerminationRequest={[Function]}
                    onStartShouldSetResponder={[Function]}
                    style={
                      {
                        "opacity": 1,
                      }
                    }
                  >
                    <Text
                      style={
                        {
                          "color": "#ababab",
                          "fontSize": 41.0958904109589,
                          "fontWeight": "bold",
                        }
                      }
                    >
                      Place2 Name2
                    </Text>
                    <Text
                      style={
                        {
                          "color": "#ffd600",
                          "fontSize": 30.821917808219176,
                          "fontWeight": "bold",
                        }
                      }
                    >
                      @
                      place2name2
                    </Text>
                    <Text
                      style={
                        {
                          "color": "#ffd600",
                          "fontSize": 20.54794520547945,
                          "fontWeight": "bold",
                        }
                      }
                    >
                      2020
                    </Text>
                  </View>
                </View>
                <View
                  collapsable={false}
                  style={
                    {
                      "alignSelf": undefined,
                      "bottom": undefined,
                      "end": undefined,
                      "left": undefined,
                      "position": undefined,
                      "right": undefined,
                      "shadowColor": "#000",
                      "shadowOffset": {
                        "height": 0,
                        "width": 0,
                      },
                      "shadowOpacity": 0,
                      "shadowRadius": 0,
                      "start": undefined,
                      "top": undefined,
                    }
                  }
                >
                  <View
                    collapsable={false}
                    style={
                      {
                        "shadowColor": "#000",
                        "shadowOffset": {
                          "height": 0,
                          "width": 0,
                        },
                        "shadowOpacity": 0,
                        "shadowRadius": 0,
                      }
                    }
                  >
                    <View
                      collapsable={false}
                      style={
                        {
                          "alignItems": "center",
                          "backgroundColor": undefined,
                          "borderColor": "rgba(121, 116, 126, 1)",
                          "borderRadius": 20,
                          "borderWidth": 0,
                          "elevation": 0,
                          "height": 40,
                          "justifyContent": "center",
                          "margin": 6,
                          "overflow": "hidden",
                          "width": 40,
                        }
                      }
                    >
                      <View
                        accessibilityComponentType="button"
                        accessibilityRole="button"
                        accessibilityState={
                          {
                            "disabled": false,
                          }
                        }
                        accessibilityTraits="button"
                        accessible={true}
                        centered={true}
                        collapsable={false}
                        focusable={true}
                        hitSlop={
                          {
                            "bottom": 6,
                            "left": 6,
                            "right": 6,
                            "top": 6,
                          }
                        }
                        onBlur={[Function]}
                        onClick={[Function]}
                        onFocus={[Function]}
                        onResponderGrant={[Function]}
                        onResponderMove={[Function]}
                        onResponderRelease={[Function]}
                        onResponderTerminate={[Function]}
                        onResponderTerminationRequest={[Function]}
                        onStartShouldSetResponder={[Function]}
                        style={
                          [
                            {
                              "overflow": "hidden",
                            },
                            false,
                            [
                              {
                                "alignItems": "center",
                                "flexGrow": 1,
                                "justifyContent": "center",
                              },
                              {
                                "borderRadius": 20,
                              },
                            ],
                          ]
                        }
                        testID="go-button"
                      >
                        <Text
                          accessibilityElementsHidden={true}
                          allowFontScaling={false}
                          importantForAccessibility="no-hide-descendants"
                          pointerEvents="none"
                          selectable={false}
                          style={
                            [
                              {
                                "color": "#ffd600",
                                "fontSize": 24,
                              },
                              [
                                {
                                  "lineHeight": 24,
                                  "transform": [
                                    {
                                      "scaleX": 1,
                                    },
                                  ],
                                },
                                {
                                  "backgroundColor": "transparent",
                                },
                              ],
                              {
                                "fontFamily": "Material Design Icons",
                                "fontStyle": "normal",
                                "fontWeight": "normal",
                              },
                              {},
                            ]
                          }
                        >
                          󰅂
                        </Text>
                      </View>
                    </View>
                  </View>
                </View>
              </View>
            </View>
            <View>
              <View
                style={
                  {
                    "display": "flex",
                    "flexDirection": "row",
                    "marginBottom": 5,
                  }
                }
              >
                <View
                  style={
                    {
                      "alignSelf": "center",
                      "flex": 1,
                    }
                  }
                >
                  <View
                    accessible={true}
                    collapsable={false}
                    focusable={true}
                    onClick={[Function]}
                    onResponderGrant={[Function]}
                    onResponderMove={[Function]}
                    onResponderRelease={[Function]}
                    onResponderTerminate={[Function]}
                    onResponderTerminationRequest={[Function]}
                    onStartShouldSetResponder={[Function]}
                    style={
                      {
                        "opacity": 1,
                      }
                    }
                  >
                    <Text
                      style={
                        {
                          "color": "#ababab",
                          "fontSize": 41.0958904109589,
                          "fontWeight": "bold",
                        }
                      }
                    >
                      Place3 Name3
                    </Text>
                    <Text
                      style={
                        {
                          "color": "#ffd600",
                          "fontSize": 30.821917808219176,
                          "fontWeight": "bold",
                        }
                      }
                    >
                      @
                      place3name3
                    </Text>
                    <Text
                      style={
                        {
                          "color": "#ffd600",
                          "fontSize": 20.54794520547945,
                          "fontWeight": "bold",
                        }
                      }
                    >
                      2021
                    </Text>
                  </View>
                </View>
                <View
                  collapsable={false}
                  style={
                    {
                      "alignSelf": undefined,
                      "bottom": undefined,
                      "end": undefined,
                      "left": undefined,
                      "position": undefined,
                      "right": undefined,
                      "shadowColor": "#000",
                      "shadowOffset": {
                        "height": 0,
                        "width": 0,
                      },
                      "shadowOpacity": 0,
                      "shadowRadius": 0,
                      "start": undefined,
                      "top": undefined,
                    }
                  }
                >
                  <View
                    collapsable={false}
                    style={
                      {
                        "shadowColor": "#000",
                        "shadowOffset": {
                          "height": 0,
                          "width": 0,
                        },
                        "shadowOpacity": 0,
                        "shadowRadius": 0,
                      }
                    }
                  >
                    <View
                      collapsable={false}
                      style={
                        {
                          "alignItems": "center",
                          "backgroundColor": undefined,
                          "borderColor": "rgba(121, 116, 126, 1)",
                          "borderRadius": 20,
                          "borderWidth": 0,
                          "elevation": 0,
                          "height": 40,
                          "justifyContent": "center",
                          "margin": 6,
                          "overflow": "hidden",
                          "width": 40,
                        }
                      }
                    >
                      <View
                        accessibilityComponentType="button"
                        accessibilityRole="button"
                        accessibilityState={
                          {
                            "disabled": false,
                          }
                        }
                        accessibilityTraits="button"
                        accessible={true}
                        centered={true}
                        collapsable={false}
                        focusable={true}
                        hitSlop={
                          {
                            "bottom": 6,
                            "left": 6,
                            "right": 6,
                            "top": 6,
                          }
                        }
                        onBlur={[Function]}
                        onClick={[Function]}
                        onFocus={[Function]}
                        onResponderGrant={[Function]}
                        onResponderMove={[Function]}
                        onResponderRelease={[Function]}
                        onResponderTerminate={[Function]}
                        onResponderTerminationRequest={[Function]}
                        onStartShouldSetResponder={[Function]}
                        style={
                          [
                            {
                              "overflow": "hidden",
                            },
                            false,
                            [
                              {
                                "alignItems": "center",
                                "flexGrow": 1,
                                "justifyContent": "center",
                              },
                              {
                                "borderRadius": 20,
                              },
                            ],
                          ]
                        }
                        testID="go-button"
                      >
                        <Text
                          accessibilityElementsHidden={true}
                          allowFontScaling={false}
                          importantForAccessibility="no-hide-descendants"
                          pointerEvents="none"
                          selectable={false}
                          style={
                            [
                              {
                                "color": "#ffd600",
                                "fontSize": 24,
                              },
                              [
                                {
                                  "lineHeight": 24,
                                  "transform": [
                                    {
                                      "scaleX": 1,
                                    },
                                  ],
                                },
                                {
                                  "backgroundColor": "transparent",
                                },
                              ],
                              {
                                "fontFamily": "Material Design Icons",
                                "fontStyle": "normal",
                                "fontWeight": "normal",
                              },
                              {},
                            ]
                          }
                        >
                          󰅂
                        </Text>
                      </View>
                    </View>
                  </View>
                </View>
              </View>
            </View>
            <View
              collapsable={false}
              style={
                {
                  "alignSelf": "center",
                  "bottom": undefined,
                  "end": undefined,
                  "left": undefined,
                  "position": undefined,
                  "right": undefined,
                  "shadowColor": "#000",
                  "shadowOffset": {
                    "height": 0,
                    "width": 0,
                  },
                  "shadowOpacity": 0,
                  "shadowRadius": 0,
                  "start": undefined,
                  "top": undefined,
                }
              }
            >
              <View
                collapsable={false}
                style={
                  {
                    "shadowColor": "#000",
                    "shadowOffset": {
                      "height": 0,
                      "width": 0,
                    },
                    "shadowOpacity": 0,
                    "shadowRadius": 0,
                  }
                }
              >
                <View
                  collapsable={false}
                  style={
                    {
                      "backgroundColor": "transparent",
                      "borderColor": "transparent",
                      "borderRadius": 20,
                      "borderStyle": "solid",
                      "borderWidth": 0,
                      "marginTop": 10,
                      "minWidth": 64,
                    }
                  }
                >
                  <View
                    accessibilityRole="button"
                    accessibilityState={
                      {
                        "disabled": false,
                      }
                    }
                    accessible={true}
                    collapsable={false}
                    focusable={true}
                    onBlur={[Function]}
                    onClick={[Function]}
                    onFocus={[Function]}
                    onResponderGrant={[Function]}
                    onResponderMove={[Function]}
                    onResponderRelease={[Function]}
                    onResponderTerminate={[Function]}
                    onResponderTerminationRequest={[Function]}
                    onStartShouldSetResponder={[Function]}
                    style={
                      [
                        {
                          "overflow": "hidden",
                        },
                        false,
                        {
                          "borderRadius": 20,
                        },
                      ]
                    }
                    testID="more-button"
                  >
                    <View
                      style={
                        [
                          {
                            "alignItems": "center",
                            "flexDirection": "row",
                            "justifyContent": "center",
                          },
                          undefined,
                        ]
                      }
                    >
                      <Text
                        numberOfLines={1}
                        selectable={false}
                        style={
                          [
                            {
                              "color": "rgba(28, 27, 31, 1)",
                              "fontFamily": "System",
                              "fontSize": 14,
                              "fontWeight": "500",
                              "letterSpacing": 0.1,
                              "lineHeight": 20,
                            },
                            {
                              "textAlign": "left",
                            },
                            {
                              "writingDirection": "ltr",
                            },
                            [
                              {
                                "marginHorizontal": 16,
                                "marginVertical": 9,
                                "textAlign": "center",
                              },
                              false,
                              {
                                "marginHorizontal": 12,
                              },
                              undefined,
                              {
                                "textTransform": "uppercase",
                              },
                              {
                                "color": "#ffd600",
                                "fontFamily": "System",
                                "fontSize": 14,
                                "fontWeight": "500",
                                "letterSpacing": 0.1,
                                "lineHeight": 20,
                              },
                              undefined,
                            ],
                          ]
                        }
                      >
                        manage teams
                      </Text>
                    </View>
                  </View>
                </View>
              </View>
            </View>
          </View>
        </View>
      </View>
    </View>
  </RCTScrollView>
</RCTSafeAreaView>
`;
