// Jest Snapshot v1, https://goo.gl/fbAQLP

exports[`should match snapshot 1`] = `
<RCTSafeAreaView
  style={
    {
      "backgroundColor": "#303030",
      "height": "100%",
    }
  }
>
  <View
    style={
      {
        "alignSelf": "center",
        "width": "75%",
      }
    }
  >
    <Text
      style={
        {
          "color": "#ffd600",
          "fontSize": 41.0958904109589,
          "fontWeight": "bold",
          "marginTop": 10,
        }
      }
    >
      Email
    </Text>
    <View
      style={{}}
    >
      <View
        pointerEvents="none"
        style={
          [
            {
              "bottom": 0,
              "left": 0,
              "position": "absolute",
              "right": 0,
              "top": 6,
            },
            {
              "backgroundColor": "#303030",
              "borderColor": "#31adff",
              "borderRadius": 4,
              "borderWidth": 1,
            },
            undefined,
          ]
        }
        testID="text-input-outline"
      />
      <View>
        <View
          style={
            [
              {
                "paddingBottom": 0,
              },
              {
                "minHeight": 56,
                "paddingTop": 8,
              },
            ]
          }
        >
          <TextInput
            accessibilityLabel="test@email.com"
            autoCapitalize="none"
            editable={true}
            keyboardType="default"
            maxFontSizeMultiplier={1.5}
            multiline={false}
            onBlur={[Function]}
            onChangeText={[Function]}
            onFocus={[Function]}
            placeholder="test@email.com"
            placeholderTextColor="#ffffff"
            secureTextEntry={false}
            selectionColor="#ffd600"
            style={
              [
                {
                  "margin": 0,
                  "zIndex": 1,
                },
                {
                  "height": 48,
                },
                {
                  "paddingBottom": 0,
                  "paddingTop": 0,
                },
                {
                  "color": "#ffd600",
                  "fontFamily": "System",
                  "fontSize": 16,
                  "fontWeight": undefined,
                  "letterSpacing": 0.15,
                  "lineHeight": undefined,
                  "paddingHorizontal": 16,
                  "textAlign": "left",
                  "textAlignVertical": "center",
                },
                false,
                [
                  {},
                ],
                undefined,
              ]
            }
            testID="text-input-outlined"
            underlineColorAndroid="transparent"
            value=""
          />
        </View>
      </View>
    </View>
    <Text
      style={
        {
          "color": "#ffd600",
          "fontSize": 41.0958904109589,
          "fontWeight": "bold",
          "marginTop": 10,
        }
      }
    >
      Password
    </Text>
    <View
      style={{}}
    >
      <View
        pointerEvents="none"
        style={
          [
            {
              "bottom": 0,
              "left": 0,
              "position": "absolute",
              "right": 0,
              "top": 6,
            },
            {
              "backgroundColor": "#303030",
              "borderColor": "#31adff",
              "borderRadius": 4,
              "borderWidth": 1,
            },
            undefined,
          ]
        }
        testID="text-input-outline"
      />
      <View>
        <View
          style={
            [
              {
                "paddingBottom": 0,
              },
              {
                "minHeight": 56,
                "paddingTop": 8,
              },
            ]
          }
        >
          <TextInput
            accessibilityLabel="Current Password"
            autoCapitalize="none"
            editable={true}
            keyboardType="default"
            maxFontSizeMultiplier={1.5}
            multiline={false}
            onBlur={[Function]}
            onChangeText={[Function]}
            onFocus={[Function]}
            placeholder="Current Password"
            placeholderTextColor="#ffffff"
            secureTextEntry={true}
            selectionColor="#ffd600"
            style={
              [
                {
                  "margin": 0,
                  "zIndex": 1,
                },
                {
                  "height": 48,
                },
                {
                  "paddingBottom": 0,
                  "paddingTop": 0,
                },
                {
                  "color": "#ffd600",
                  "fontFamily": "System",
                  "fontSize": 16,
                  "fontWeight": undefined,
                  "letterSpacing": 0.15,
                  "lineHeight": undefined,
                  "paddingHorizontal": 16,
                  "textAlign": "left",
                  "textAlignVertical": "center",
                },
                false,
                [
                  {},
                ],
                undefined,
              ]
            }
            testID="text-input-outlined"
            underlineColorAndroid="transparent"
            value=""
          />
        </View>
      </View>
    </View>
    <View
      collapsable={false}
      style={
        {
          "alignSelf": "center",
          "bottom": undefined,
          "end": undefined,
          "left": undefined,
          "position": undefined,
          "right": undefined,
          "shadowColor": "#000",
          "shadowOffset": {
            "height": 0,
            "width": 0,
          },
          "shadowOpacity": 0,
          "shadowRadius": 0,
          "start": undefined,
          "top": undefined,
        }
      }
    >
      <View
        collapsable={false}
        style={
          {
            "shadowColor": "#000",
            "shadowOffset": {
              "height": 0,
              "width": 0,
            },
            "shadowOpacity": 0,
            "shadowRadius": 0,
          }
        }
      >
        <View
          collapsable={false}
          style={
            {
              "backgroundColor": "#ffd600",
              "borderColor": "transparent",
              "borderRadius": 20,
              "borderStyle": "solid",
              "borderWidth": 0,
              "marginTop": 10,
              "minWidth": "auto",
            }
          }
        >
          <View
            accessibilityRole="button"
            accessibilityState={
              {
                "disabled": false,
              }
            }
            accessible={true}
            collapsable={false}
            focusable={true}
            onBlur={[Function]}
            onClick={[Function]}
            onFocus={[Function]}
            onResponderGrant={[Function]}
            onResponderMove={[Function]}
            onResponderRelease={[Function]}
            onResponderTerminate={[Function]}
            onResponderTerminationRequest={[Function]}
            onStartShouldSetResponder={[Function]}
            style={
              [
                {
                  "overflow": "hidden",
                },
                false,
                {
                  "borderRadius": 20,
                },
              ]
            }
            testID="button"
          >
            <View
              style={
                [
                  {
                    "alignItems": "center",
                    "flexDirection": "row",
                    "justifyContent": "center",
                  },
                  undefined,
                ]
              }
            >
              <Text
                numberOfLines={1}
                selectable={false}
                style={
                  [
                    {
                      "color": "rgba(28, 27, 31, 1)",
                      "fontFamily": "System",
                      "fontSize": 14,
                      "fontWeight": "500",
                      "letterSpacing": 0.1,
                      "lineHeight": 20,
                    },
                    {
                      "textAlign": "left",
                    },
                    {
                      "writingDirection": "ltr",
                    },
                    [
                      {
                        "marginHorizontal": 16,
                        "marginVertical": 9,
                        "textAlign": "center",
                      },
                      false,
                      {
                        "marginHorizontal": 24,
                        "marginVertical": 10,
                      },
                      {
                        "marginHorizontal": 8,
                      },
                      {
                        "textTransform": "uppercase",
                      },
                      {
                        "color": "#000000",
                        "fontFamily": "System",
                        "fontSize": 14,
                        "fontWeight": "500",
                        "letterSpacing": 0.1,
                        "lineHeight": 20,
                      },
                      undefined,
                    ],
                  ]
                }
              >
                Change Email
              </Text>
            </View>
          </View>
        </View>
      </View>
    </View>
  </View>
</RCTSafeAreaView>
`;
