// Jest Snapshot v1, https://goo.gl/fbAQLP

exports[`matches snapshot 1`] = `
<View
  style={
    {
      "width": "100%",
    }
  }
>
  <View
    style={
      {
        "display": "flex",
        "flex": 1,
        "flexDirection": "row",
      }
    }
  >
    <Text
      style={
        {
          "color": "#ffd600",
          "flex": 1,
          "fontSize": 61.64383561643835,
          "fontWeight": "bold",
          "marginBottom": 10,
        }
      }
    >
      title
    </Text>
    <View
      collapsable={false}
      style={
        {
          "backgroundColor": "#ffd600",
          "borderRadius": 5,
          "height": 40,
          "margin": 6,
          "shadowColor": "#000",
          "shadowOffset": {
            "height": 0,
            "width": 0,
          },
          "shadowOpacity": 0,
          "shadowRadius": 0,
          "width": 40,
        }
      }
      testID="create-button-container-outer-layer"
    >
      <View
        collapsable={false}
        style={
          {
            "backgroundColor": "#ffd600",
            "borderColor": "rgba(121, 116, 126, 1)",
            "borderRadius": 5,
            "borderWidth": 0,
            "display": "flex",
            "elevation": 0,
            "flex": 1,
            "flexWrap": "nowrap",
            "overflow": "hidden",
            "shadowColor": "#000",
            "shadowOffset": {
              "height": 0,
              "width": 0,
            },
            "shadowOpacity": 0,
            "shadowRadius": 0,
          }
        }
        testID="create-button-container"
      >
        <View
          accessibilityComponentType="button"
          accessibilityRole="button"
          accessibilityState={
            {
              "busy": undefined,
              "checked": undefined,
              "disabled": true,
              "expanded": undefined,
              "selected": undefined,
            }
          }
          accessibilityTraits="button"
          accessibilityValue={
            {
              "max": undefined,
              "min": undefined,
              "now": undefined,
              "text": undefined,
            }
          }
          accessible={true}
          centered={true}
          collapsable={false}
          focusable={true}
          hitSlop={
            {
              "bottom": 6,
              "left": 6,
              "right": 6,
              "top": 6,
            }
          }
          onBlur={[Function]}
          onClick={[Function]}
          onFocus={[Function]}
          onResponderGrant={[Function]}
          onResponderMove={[Function]}
          onResponderRelease={[Function]}
          onResponderTerminate={[Function]}
          onResponderTerminationRequest={[Function]}
          onStartShouldSetResponder={[Function]}
          style={
            [
              {
                "overflow": "hidden",
              },
              [
                {
                  "alignItems": "center",
                  "flexGrow": 1,
                  "justifyContent": "center",
                },
                {
                  "borderRadius": 5,
                },
              ],
            ]
          }
          testID="create-button"
        >
          <Text
            accessibilityElementsHidden={true}
            allowFontScaling={false}
            importantForAccessibility="no-hide-descendants"
            pointerEvents="none"
            selectable={false}
            style={
              [
                {
                  "color": "#303030",
                  "fontSize": 24,
                },
                [
                  {
                    "lineHeight": 24,
                    "transform": [
                      {
                        "scaleX": 1,
                      },
                    ],
                  },
                  {
                    "backgroundColor": "transparent",
                  },
                ],
                {
                  "fontFamily": "Material Design Icons",
                  "fontStyle": "normal",
                  "fontWeight": "normal",
                },
                {},
              ]
            }
          >
            󰐕
          </Text>
        </View>
      </View>
    </View>
  </View>
  <ActivityIndicator
    animating={true}
    color="#ffd600"
    size="large"
  />
  <View
    collapsable={false}
    style={
      {
        "alignSelf": "center",
        "backgroundColor": "transparent",
        "borderRadius": 20,
        "marginTop": 10,
        "shadowColor": "#000",
        "shadowOffset": {
          "height": 0,
          "width": 0,
        },
        "shadowOpacity": 0,
        "shadowRadius": 0,
      }
    }
    testID="more-button-container-outer-layer"
  >
    <View
      collapsable={false}
      style={
        {
          "backgroundColor": "transparent",
          "borderColor": "transparent",
          "borderRadius": 20,
          "borderStyle": "solid",
          "borderWidth": 0,
          "flex": undefined,
          "minWidth": 64,
          "shadowColor": "#000",
          "shadowOffset": {
            "height": 0,
            "width": 0,
          },
          "shadowOpacity": 0,
          "shadowRadius": 0,
        }
      }
      testID="more-button-container"
    >
      <View
        accessibilityRole="button"
        accessibilityState={
          {
            "busy": undefined,
            "checked": undefined,
            "disabled": true,
            "expanded": undefined,
            "selected": undefined,
          }
        }
        accessibilityValue={
          {
            "max": undefined,
            "min": undefined,
            "now": undefined,
            "text": undefined,
          }
        }
        accessible={true}
        collapsable={false}
        focusable={true}
        onBlur={[Function]}
        onClick={[Function]}
        onFocus={[Function]}
        onResponderGrant={[Function]}
        onResponderMove={[Function]}
        onResponderRelease={[Function]}
        onResponderTerminate={[Function]}
        onResponderTerminationRequest={[Function]}
        onStartShouldSetResponder={[Function]}
        style={
          [
            {
              "overflow": "hidden",
            },
            {
              "borderRadius": 20,
            },
          ]
        }
        testID="more-button"
      >
        <View
          style={
            [
              {
                "alignItems": "center",
                "flexDirection": "row",
                "justifyContent": "center",
              },
              undefined,
            ]
          }
        >
          <Text
            numberOfLines={1}
            selectable={false}
            style={
              [
                {
                  "textAlign": "left",
                },
                {
                  "color": "rgba(28, 27, 31, 1)",
                  "writingDirection": "ltr",
                },
                [
                  {
                    "fontFamily": "System",
                    "fontSize": 14,
                    "fontWeight": "500",
                    "letterSpacing": 0.1,
                    "lineHeight": 20,
                  },
                  [
                    {
                      "marginHorizontal": 16,
                      "marginVertical": 9,
                      "textAlign": "center",
                    },
                    false,
                    {
                      "marginHorizontal": 12,
                    },
                    undefined,
                    {
                      "textTransform": "uppercase",
                    },
                    {
                      "color": "#7AC6FF",
                      "fontFamily": "System",
                      "fontSize": 14,
                      "fontWeight": "500",
                      "letterSpacing": 0.1,
                      "lineHeight": 20,
                    },
                    undefined,
                  ],
                ],
              ]
            }
            testID="more-button-text"
          />
        </View>
      </View>
    </View>
  </View>
</View>
`;
