// Jest Snapshot v1, https://goo.gl/fbAQLP

exports[`should match snapshot 1`] = `
<View>
  <View
    style={
      {
        "alignSelf": "center",
        "display": "flex",
        "flexDirection": "row",
        "width": "100%",
      }
    }
  >
    <View
      style={
        [
          {
            "backgroundColor": "rgba(231, 224, 236, 1)",
            "borderTopLeftRadius": 4,
            "borderTopRightRadius": 4,
          },
          {
            "backgroundColor": "#303030",
            "color": "#ffd600",
            "flex": 1,
            "marginBottom": 5,
          },
        ]
      }
    >
      <View
        collapsable={false}
        style={
          {
            "backgroundColor": "#ffd600",
            "bottom": 0,
            "height": 1,
            "left": 0,
            "position": "absolute",
            "right": 0,
            "transform": [
              {
                "scaleY": 0.5,
              },
            ],
            "zIndex": 1,
          }
        }
        testID="text-input-underline"
      />
      <View
        style={
          [
            {
              "paddingBottom": 0,
              "paddingTop": 0,
            },
            {
              "minHeight": 56,
            },
          ]
        }
      >
        <TextInput
          editable={true}
          focusable={true}
          maxFontSizeMultiplier={1.5}
          multiline={false}
          onBlur={[Function]}
          onChangeText={[Function]}
          onFocus={[Function]}
          onPressOut={[Function]}
          placeholder="Search teams..."
          placeholderTextColor="#ababab"
          selectionColor="#ffd600"
          style={
            [
              {
                "margin": 0,
              },
              {
                "paddingLeft": 16,
                "paddingRight": 16,
              },
              {
                "height": 56,
              },
              {
                "paddingBottom": 0,
                "paddingTop": 0,
              },
              {
                "color": "#ffd600",
                "fontFamily": "System",
                "fontSize": 41.0958904109589,
                "fontWeight": undefined,
                "letterSpacing": 0.15,
                "lineHeight": undefined,
                "textAlign": "left",
                "textAlignVertical": "center",
              },
              false,
              [
                {},
              ],
              undefined,
            ]
          }
          testID="text-input-flat"
          underlineColorAndroid="transparent"
          value="test"
        />
      </View>
    </View>
  </View>
</View>
`;
