// Jest Snapshot v1, https://goo.gl/fbAQLP

exports[`CommentItem should match snapshot 1`] = `
<View
  style={
    Object {
      "backgroundColor": "#1a1a1a",
      "display": "flex",
      "flexDirection": "row",
      "padding": 20,
    }
  }
>
  <View
    style={
      Object {
        "alignItems": "flex-start",
        "flex": 1,
      }
    }
  >
    <Text
      style={
        Object {
          "color": "#ababab",
          "fontSize": 30.821917808219176,
        }
      }
    >
      First1
       
      Last1
    </Text>
    <Text
      style={
        Object {
          "color": "#ffd600",
          "fontSize": 30.821917808219176,
        }
      }
    >
      Test comment
    </Text>
  </View>
</View>
`;
