// Jest Snapshot v1, https://goo.gl/fbAQLP

exports[`test matches snapshot 1`] = `
<View>
  <Text
    style={
      {
        "color": "#ababab",
        "fontSize": 41.0958904109589,
        "fontWeight": "bold",
      }
    }
  >
    vs. Place1 Name1
  </Text>
  <Text
    style={
      {
        "color": "#ffd600",
        "fontSize": 20.54794520547945,
        "fontWeight": "bold",
      }
    }
  >
    15 - 14
  </Text>
</View>
`;
