// Jest Snapshot v1, https://goo.gl/fbAQLP

exports[`test matches snapshot 1`] = `
<View
  style={
    {
      "minWidth": 150,
    }
  }
>
  <Text
    style={
      {
        "color": "#CEC6B4",
        "fontSize": 41.0958904109589,
        "fontWeight": "bold",
      }
    }
  >
    Goals
  </Text>
  <Text
    style={
      {
        "color": "#ffd600",
        "fontSize": 61.64383561643835,
        "fontWeight": "bold",
      }
    }
  >
    10
  </Text>
  <View
    style={
      {
        "backgroundColor": "#7AC6FF",
        "borderRadius": 5,
        "height": 10,
        "width": 10,
      }
    }
  />
</View>
`;
